Archive member included to satisfy reference by file (symbol)

C:\Users\lht820\.platformio\packages\framework-arduinoimxrt\tools\lib\MIMXRT1052\libfsl_bsp.a(fsl_adc.c.obj)
                              (--whole-archive)
C:\Users\lht820\.platformio\packages\framework-arduinoimxrt\tools\lib\MIMXRT1052\libfsl_bsp.a(fsl_adc_etc.c.obj)
                              (--whole-archive)
C:\Users\lht820\.platformio\packages\framework-arduinoimxrt\tools\lib\MIMXRT1052\libfsl_bsp.a(fsl_aipstz.c.obj)
                              (--whole-archive)
C:\Users\lht820\.platformio\packages\framework-arduinoimxrt\tools\lib\MIMXRT1052\libfsl_bsp.a(fsl_aoi.c.obj)
                              (--whole-archive)
C:\Users\lht820\.platformio\packages\framework-arduinoimxrt\tools\lib\MIMXRT1052\libfsl_bsp.a(fsl_bee.c.obj)
                              (--whole-archive)
C:\Users\lht820\.platformio\packages\framework-arduinoimxrt\tools\lib\MIMXRT1052\libfsl_bsp.a(fsl_cache.c.obj)
                              (--whole-archive)
C:\Users\lht820\.platformio\packages\framework-arduinoimxrt\tools\lib\MIMXRT1052\libfsl_bsp.a(fsl_clock.c.obj)
                              (--whole-archive)
C:\Users\lht820\.platformio\packages\framework-arduinoimxrt\tools\lib\MIMXRT1052\libfsl_bsp.a(fsl_cmp.c.obj)
                              (--whole-archive)
C:\Users\lht820\.platformio\packages\framework-arduinoimxrt\tools\lib\MIMXRT1052\libfsl_bsp.a(fsl_common.c.obj)
                              (--whole-archive)
C:\Users\lht820\.platformio\packages\framework-arduinoimxrt\tools\lib\MIMXRT1052\libfsl_bsp.a(fsl_csi.c.obj)
                              (--whole-archive)
C:\Users\lht820\.platformio\packages\framework-arduinoimxrt\tools\lib\MIMXRT1052\libfsl_bsp.a(fsl_dcdc.c.obj)
                              (--whole-archive)
C:\Users\lht820\.platformio\packages\framework-arduinoimxrt\tools\lib\MIMXRT1052\libfsl_bsp.a(fsl_dcp.c.obj)
                              (--whole-archive)
C:\Users\lht820\.platformio\packages\framework-arduinoimxrt\tools\lib\MIMXRT1052\libfsl_bsp.a(fsl_dmamux.c.obj)
                              (--whole-archive)
C:\Users\lht820\.platformio\packages\framework-arduinoimxrt\tools\lib\MIMXRT1052\libfsl_bsp.a(fsl_edma.c.obj)
                              (--whole-archive)
C:\Users\lht820\.platformio\packages\framework-arduinoimxrt\tools\lib\MIMXRT1052\libfsl_bsp.a(fsl_elcdif.c.obj)
                              (--whole-archive)
C:\Users\lht820\.platformio\packages\framework-arduinoimxrt\tools\lib\MIMXRT1052\libfsl_bsp.a(fsl_enc.c.obj)
                              (--whole-archive)
C:\Users\lht820\.platformio\packages\framework-arduinoimxrt\tools\lib\MIMXRT1052\libfsl_bsp.a(fsl_enet.c.obj)
                              (--whole-archive)
C:\Users\lht820\.platformio\packages\framework-arduinoimxrt\tools\lib\MIMXRT1052\libfsl_bsp.a(fsl_ewm.c.obj)
                              (--whole-archive)
C:\Users\lht820\.platformio\packages\framework-arduinoimxrt\tools\lib\MIMXRT1052\libfsl_bsp.a(fsl_flexcan.c.obj)
                              (--whole-archive)
C:\Users\lht820\.platformio\packages\framework-arduinoimxrt\tools\lib\MIMXRT1052\libfsl_bsp.a(fsl_flexio.c.obj)
                              (--whole-archive)
C:\Users\lht820\.platformio\packages\framework-arduinoimxrt\tools\lib\MIMXRT1052\libfsl_bsp.a(fsl_flexio_camera.c.obj)
                              (--whole-archive)
C:\Users\lht820\.platformio\packages\framework-arduinoimxrt\tools\lib\MIMXRT1052\libfsl_bsp.a(fsl_flexio_camera_edma.c.obj)
                              (--whole-archive)
C:\Users\lht820\.platformio\packages\framework-arduinoimxrt\tools\lib\MIMXRT1052\libfsl_bsp.a(fsl_flexio_i2c_master.c.obj)
                              (--whole-archive)
C:\Users\lht820\.platformio\packages\framework-arduinoimxrt\tools\lib\MIMXRT1052\libfsl_bsp.a(fsl_flexio_i2s.c.obj)
                              (--whole-archive)
C:\Users\lht820\.platformio\packages\framework-arduinoimxrt\tools\lib\MIMXRT1052\libfsl_bsp.a(fsl_flexio_i2s_edma.c.obj)
                              (--whole-archive)
C:\Users\lht820\.platformio\packages\framework-arduinoimxrt\tools\lib\MIMXRT1052\libfsl_bsp.a(fsl_flexio_mculcd.c.obj)
                              (--whole-archive)
C:\Users\lht820\.platformio\packages\framework-arduinoimxrt\tools\lib\MIMXRT1052\libfsl_bsp.a(fsl_flexio_mculcd_edma.c.obj)
                              (--whole-archive)
C:\Users\lht820\.platformio\packages\framework-arduinoimxrt\tools\lib\MIMXRT1052\libfsl_bsp.a(fsl_flexio_spi.c.obj)
                              (--whole-archive)
C:\Users\lht820\.platformio\packages\framework-arduinoimxrt\tools\lib\MIMXRT1052\libfsl_bsp.a(fsl_flexio_spi_edma.c.obj)
                              (--whole-archive)
C:\Users\lht820\.platformio\packages\framework-arduinoimxrt\tools\lib\MIMXRT1052\libfsl_bsp.a(fsl_flexio_uart.c.obj)
                              (--whole-archive)
[...]
Memory Configuration

Name             Origin             Length             Attributes
m_flash_config   0x60010000         0x00001000         xr
m_ivt            0x60011000         0x00001000         xr
m_interrupts     0x60012000         0x00000400         xr
m_text           0x60012400         0x007f0000         xr
m_data           0x20000000         0x00020000         rw
m_data2          0x20200000         0x00040000         rw
*default*        0x00000000         0xffffffff

Linker script and memory map

LOAD c:/users/lht820/.platformio/packages/toolchain-gccarmnoneeabi/bin/../lib/gcc/arm-none-eabi/7.2.1/thumb/v7e-m/fpv5/hard/crti.o
LOAD c:/users/lht820/.platformio/packages/toolchain-gccarmnoneeabi/bin/../lib/gcc/arm-none-eabi/7.2.1/thumb/v7e-m/fpv5/hard/crtbegin.o
LOAD c:/users/lht820/.platformio/packages/toolchain-gccarmnoneeabi/bin/../lib/gcc/arm-none-eabi/7.2.1/../../../../arm-none-eabi/lib/thumb/v7e-m/fpv5/hard/crt0.o
START GROUP
LOAD C:\Users\lht820\.platformio\packages\framework-arduinoimxrt\tools\lib\MIMXRT1052\libfsl_bsp.a
LOAD C:\Users\lht820\.platformio\packages\framework-arduinoimxrt\tools\lib\MIMXRT1052\libfsl_usb_drivers.a
LOAD C:\Users\lht820\.platformio\packages\framework-arduinoimxrt\tools\lib\MIMXRT1052\libfsl_xip_drivers.a
END GROUP
LOAD .pio\build\seeed_arch_mix\src\Blink.cpp.o
START GROUP
LOAD C:\Users\lht820\.platformio\packages\framework-arduinoimxrt\tools\sdk\CMSIS\LIB\GCC\libarm_cortexM7lfdp_math.a
LOAD C:\Users\lht820\.platformio\packages\framework-arduinoimxrt\tools\sdk\CMSIS\LIB\GCC\libarm_cortexM7lfsp_math.a
LOAD .pio\build\seeed_arch_mix\libFrameworkArduinoVariant.a
LOAD .pio\build\seeed_arch_mix\libFrameworkArduino.a
END GROUP
LOAD c:/users/lht820/.platformio/packages/toolchain-gccarmnoneeabi/bin/../lib/gcc/arm-none-eabi/7.2.1/../../../../arm-none-eabi/lib/thumb/v7e-m/fpv5/hard\libstdc++_nano.a
LOAD c:/users/lht820/.platformio/packages/toolchain-gccarmnoneeabi/bin/../lib/gcc/arm-none-eabi/7.2.1/../../../../arm-none-eabi/lib/thumb/v7e-m/fpv5/hard\libm.a
START GROUP
LOAD c:/users/lht820/.platformio/packages/toolchain-gccarmnoneeabi/bin/../lib/gcc/arm-none-eabi/7.2.1/thumb/v7e-m/fpv5/hard\libgcc.a
LOAD c:/users/lht820/.platformio/packages/toolchain-gccarmnoneeabi/bin/../lib/gcc/arm-none-eabi/7.2.1/../../../../arm-none-eabi/lib/thumb/v7e-m/fpv5/hard\libc_nano.a
END GROUP
START GROUP
LOAD c:/users/lht820/.platformio/packages/toolchain-gccarmnoneeabi/bin/../lib/gcc/arm-none-eabi/7.2.1/thumb/v7e-m/fpv5/hard\libgcc.a
LOAD c:/users/lht820/.platformio/packages/toolchain-gccarmnoneeabi/bin/../lib/gcc/arm-none-eabi/7.2.1/../../../../arm-none-eabi/lib/thumb/v7e-m/fpv5/hard\libc_nano.a
LOAD c:/users/lht820/.platformio/packages/toolchain-gccarmnoneeabi/bin/../lib/gcc/arm-none-eabi/7.2.1/../../../../arm-none-eabi/lib/thumb/v7e-m/fpv5/hard\libnosys.a
END GROUP
START GROUP
LOAD c:/users/lht820/.platformio/packages/toolchain-gccarmnoneeabi/bin/../lib/gcc/arm-none-eabi/7.2.1/thumb/v7e-m/fpv5/hard\libgcc.a
LOAD c:/users/lht820/.platformio/packages/toolchain-gccarmnoneeabi/bin/../lib/gcc/arm-none-eabi/7.2.1/../../../../arm-none-eabi/lib/thumb/v7e-m/fpv5/hard\libc_nano.a
LOAD c:/users/lht820/.platformio/packages/toolchain-gccarmnoneeabi/bin/../lib/gcc/arm-none-eabi/7.2.1/../../../../arm-none-eabi/lib/thumb/v7e-m/fpv5/hard\libnosys.a
END GROUP
LOAD c:/users/lht820/.platformio/packages/toolchain-gccarmnoneeabi/bin/../lib/gcc/arm-none-eabi/7.2.1/thumb/v7e-m/fpv5/hard/crtend.o
LOAD c:/users/lht820/.platformio/packages/toolchain-gccarmnoneeabi/bin/../lib/gcc/arm-none-eabi/7.2.1/thumb/v7e-m/fpv5/hard/crtn.o
                0x00000400                HEAP_SIZE = DEFINED (__heap_size__)?__heap_size__:0x400
                0x00000400                STACK_SIZE = DEFINED (__stack_size__)?__stack_size__:0x400

.flash_config   0x60010000      0x200
                0x60010000                . = ALIGN (0x4)
                0x60010000                __FLASH_BASE = .
 *(.boot_hdr.conf)
 .boot_hdr.conf
                0x60010000      0x200 C:\Users\lht820\.platformio\packages\framework-arduinoimxrt\tools\lib\MIMXRT1052\libfsl_xip_drivers.a(evkbimxrt1050_flexspi_nor_config.c.obj)
                0x60010000                hyperflash_config
                0x60010200                . = ALIGN (0x4)
                0x60011000                ivt_begin = (ORIGIN (m_flash_config) + LENGTH (m_flash_config))

.ivt            0x60011000       0x30
                0x60011000                . = ALIGN (0x4)
 *(.boot_hdr.ivt)
 .boot_hdr.ivt  0x60011000       0x20 C:\Users\lht820\.platformio\packages\framework-arduinoimxrt\tools\lib\MIMXRT1052\libfsl_xip_drivers.a(fsl_flexspi_nor_boot.c.obj)
                0x60011000                image_vector_table
 *(.boot_hdr.boot_data)
 .boot_hdr.boot_data
                0x60011020       0x10 C:\Users\lht820\.platformio\packages\framework-arduinoimxrt\tools\lib\MIMXRT1052\libfsl_xip_drivers.a(fsl_flexspi_nor_boot.c.obj)
                0x60011020                boot_data
 *(.boot_hdr.dcd_data)
                0x60011030                . = ALIGN (0x4)

.interrupts     0x60012000      0x400
                0x60012000                __VECTOR_TABLE = .
                0x60012000                . = ALIGN (0x4)
 *(.isr_vector)
 .isr_vector    0x60012000      0x400 .pio\build\seeed_arch_mix\libFrameworkArduinoVariant.a(startup.S.o)
                0x60012000                __isr_vector
                0x60012400                . = ALIGN (0x4)
                0x60012000                __VECTOR_RAM = __VECTOR_TABLE
                0x00000000                __RAM_VECTOR_TABLE_SIZE_BYTES = 0x0

.text           0x60012400     0x5004
                0x60012400                . = ALIGN (0x4)
 *(.text)
 .text          0x60012400       0x40 c:/users/lht820/.platformio/packages/toolchain-gccarmnoneeabi/bin/../lib/gcc/arm-none-eabi/7.2.1/thumb/v7e-m/fpv5/hard/crtbegin.o
 .text          0x60012440       0x74 c:/users/lht820/.platformio/packages/toolchain-gccarmnoneeabi/bin/../lib/gcc/arm-none-eabi/7.2.1/../../../../arm-none-eabi/lib/thumb/v7e-m/fpv5/hard/crt0.o
                0x60012440                _start
                0x60012440                _mainCRTStartup
 .text          0x600124b4      0x1ec .pio\build\seeed_arch_mix\libFrameworkArduinoVariant.a(startup.S.o)
                0x600124b4                Reset_Handler
                0x600124fc                GPIO1_Combined_0_15_IRQHandler
                0x600124fc                SJC_IRQHandler
                0x600124fc                ADC_ETC_IRQ0_IRQHandler
                0x600124fc                DebugMon_Handler
                0x600124fc                PXP_IRQHandler
                0x600124fc                Reserved123_IRQHandler
                0x600124fc                Reserved86_IRQHandler
                0x600124fc                SRC_IRQHandler
                0x600124fc                DCP_IRQHandler
                0x600124fc                GPIO2_Combined_0_15_IRQHandler
                0x600124fc                GPIO1_INT2_IRQHandler
                0x600124fc                CSI_IRQHandler
                0x600124fc                SNVS_LP_WRAPPER_IRQHandler
                0x600124fc                ENC2_IRQHandler
                0x600124fc                PWM2_2_IRQHandler
                0x600124fc                PWM3_2_IRQHandler
                0x600124fc                XBAR1_IRQ_2_3_IRQHandler
                0x600124fc                PWM4_FAULT_IRQHandler
                0x600124fc                TMR4_IRQHandler
                0x600124fc                GPIO1_INT7_IRQHandler
                0x600124fc                CCM_1_IRQHandler
                0x600124fc                PWM1_3_IRQHandler
                0x600124fc                ADC_ETC_IRQ1_IRQHandler
                0x600124fc                SNVS_HP_WRAPPER_IRQHandler
                0x600124fc                CTI1_ERROR_IRQHandler
                0x600124fc                PWM3_FAULT_IRQHandler
                0x600124fc                LCDIF_IRQHandler
                0x600124fc                CTI0_ERROR_IRQHandler
                0x600124fc                GPIO5_Combined_0_15_IRQHandler
                0x600124fc                PWM1_0_IRQHandler
                0x600124fc                Reserved68_IRQHandler
                0x600124fc                TRNG_IRQHandler
                0x600124fc                USB_PHY2_IRQHandler
                0x600124fc                Reserved115_IRQHandler
                0x600124fc                TSC_DIG_IRQHandler
                0x600124fc                TMR1_IRQHandler
                0x600124fc                GPIO4_Combined_0_15_IRQHandler
                0x600124fc                PWM4_0_IRQHandler
                0x600124fc                PWM2_0_IRQHandler
                0x600124fc                DCP_VMI_IRQHandler
                0x600124fc                DMA_ERROR_DriverIRQHandler
                0x600124fc                ENET_1588_Timer_DriverIRQHandler
                0x600124fc                ENC4_IRQHandler
                0x600124fc                PWM2_1_IRQHandler
                0x600124fc                GPIO4_Combined_16_31_IRQHandler
                0x600124fc                PWM2_FAULT_IRQHandler
                0x600124fc                UsageFault_Handler
                0x600124fc                WDOG1_IRQHandler
                0x600124fc                Reserved87_IRQHandler
                0x600124fc                PMU_EVENT_IRQHandler
                0x600124fc                GPT1_IRQHandler
                0x600124fc                BusFault_Handler
                0x600124fc                PWM4_1_IRQHandler
                0x600124fc                USB_OTG2_IRQHandler
                0x600124fc                ACMP4_IRQHandler
                0x600124fc                SEMC_IRQHandler
                0x600124fc                DefaultISR
                0x600124fc                PWM1_1_IRQHandler
                0x600124fc                ACMP1_IRQHandler
                0x600124fc                PWM3_0_IRQHandler
                0x600124fc                PWM3_3_IRQHandler
                0x600124fc                GPIO1_INT0_IRQHandler
                0x600124fc                FLEXRAM_IRQHandler
                0x600124fc                CSU_IRQHandler
                0x600124fc                GPT2_IRQHandler
                0x600124fc                ADC1_IRQHandler
                0x600124fc                GPIO1_Combined_16_31_IRQHandler
                0x600124fc                ACMP2_IRQHandler
                0x600124fc                RTWDOG_IRQHandler
                0x600124fc                USB_PHY1_IRQHandler
                0x600124fc                Reserved78_IRQHandler
                0x600124fc                ENC3_IRQHandler
                0x600124fc                GPIO3_Combined_16_31_IRQHandler
                0x600124fc                EWM_IRQHandler
                0x600124fc                TEMP_LOW_HIGH_IRQHandler
                0x600124fc                WDOG2_IRQHandler
                0x600124fc                GPIO1_INT5_IRQHandler
                0x600124fc                SNVS_HP_WRAPPER_TZ_IRQHandler
                0x600124fc                PWM3_1_IRQHandler
                0x600124fc                PWM2_3_IRQHandler
                0x600124fc                PIT_IRQHandler
                0x600124fc                CORE_IRQHandler
                0x600124fc                XBAR1_IRQ_0_1_IRQHandler
                0x600124fc                TMR3_IRQHandler
                0x600124fc                TEMP_PANIC_IRQHandler
                0x600124fc                GPIO1_INT6_IRQHandler
                0x600124fc                PWM1_2_IRQHandler
                0x600124fc                Reserved144_IRQHandler
                0x600124fc                GPR_IRQ_IRQHandler
                0x600124fc                GPC_IRQHandler
                0x600124fc                DCDC_IRQHandler
                0x600124fc                GPIO3_Combined_0_15_IRQHandler
                0x600124fc                PWM4_3_IRQHandler
                0x600124fc                GPIO2_Combined_16_31_IRQHandler
                0x600124fc                USB_OTG1_IRQHandler
                0x600124fc                Reserved143_IRQHandler
                0x600124fc                GPIO5_Combined_16_31_IRQHandler
                0x600124fc                TMR2_IRQHandler
                0x600124fc                ADC_ETC_ERROR_IRQ_IRQHandler
                0x600124fc                PWM4_2_IRQHandler
                0x600124fc                BEE_IRQHandler
                0x600124fc                GPIO1_INT1_IRQHandler
                0x600124fc                PWM1_FAULT_IRQHandler
                0x600124fc                ADC_ETC_IRQ2_IRQHandler
                0x600124fc                GPIO1_INT4_IRQHandler
                0x600124fc                CCM_2_IRQHandler
                0x600124fc                KPP_IRQHandler
                0x600124fc                ENC1_IRQHandler
                0x600124fc                ADC2_IRQHandler
                0x600124fc                MemManage_Handler
                0x600124fc                ACMP3_IRQHandler
                0x600124fc                GPIO1_INT3_IRQHandler
                0x60012500                NMI_Handler
                0x60012504                HardFault_Handler
                0x60012508                SVC_Handler
                0x6001250c                PendSV_Handler
                0x60012514                DMA0_DMA16_IRQHandler
                0x60012518                DMA1_DMA17_IRQHandler
                0x6001251c                DMA2_DMA18_IRQHandler
                0x60012520                DMA3_DMA19_IRQHandler
                0x60012524                DMA4_DMA20_IRQHandler
                0x60012528                DMA5_DMA21_IRQHandler
                0x6001252c                DMA6_DMA22_IRQHandler
                0x60012530                DMA7_DMA23_IRQHandler
                0x60012534                DMA8_DMA24_IRQHandler
                0x60012538                DMA9_DMA25_IRQHandler
                0x6001253c                DMA10_DMA26_IRQHandler
                0x60012540                DMA11_DMA27_IRQHandler
                0x60012544                DMA12_DMA28_IRQHandler
                0x60012548                DMA13_DMA29_IRQHandler
                0x6001254c                DMA14_DMA30_IRQHandler
                0x60012550                DMA15_DMA31_IRQHandler
                0x60012554                DMA_ERROR_IRQHandler
                0x60012558                LPUART1_IRQHandler
                0x6001255c                LPUART2_IRQHandler
                0x60012560                LPUART3_IRQHandler
                0x60012564                LPUART4_IRQHandler
                0x60012568                LPUART5_IRQHandler
                0x6001256c                LPUART6_IRQHandler
                0x60012570                LPUART7_IRQHandler
                0x60012574                LPUART8_IRQHandler
                0x60012578                LPI2C1_IRQHandler
                0x6001257c                LPI2C2_IRQHandler
                0x60012580                LPI2C3_IRQHandler
                0x60012584                LPI2C4_IRQHandler
                0x60012588                LPSPI1_IRQHandler
                0x6001258c                LPSPI2_IRQHandler
                0x60012590                LPSPI3_IRQHandler
                0x60012594                LPSPI4_IRQHandler
                0x60012598                CAN1_IRQHandler
                0x6001259c                CAN2_IRQHandler
                0x600125a0                SAI1_IRQHandler
                0x600125a4                SAI2_IRQHandler
                0x600125a8                SAI3_RX_IRQHandler
                0x600125ac                SAI3_TX_IRQHandler
                0x600125b0                SPDIF_IRQHandler
                0x600125b4                FLEXIO1_IRQHandler
                0x600125b8                FLEXIO2_IRQHandler
                0x600125bc                FLEXSPI_IRQHandler
                0x600125c0                USDHC1_IRQHandler
                0x600125c4                USDHC2_IRQHandler
                0x600125c8                ENET_IRQHandler
 .text          0x600126a0       0x30 c:/users/lht820/.platformio/packages/toolchain-gccarmnoneeabi/bin/../lib/gcc/arm-none-eabi/7.2.1/thumb/v7e-m/fpv5/hard\libgcc.a(_aeabi_uldivmod.o)
                0x600126a0                __aeabi_uldivmod
 .text          0x600126d0      0x2cc c:/users/lht820/.platformio/packages/toolchain-gccarmnoneeabi/bin/../lib/gcc/arm-none-eabi/7.2.1/thumb/v7e-m/fpv5/hard\libgcc.a(_udivmoddi4.o)
                0x600126d0                __udivmoddi4
 .text          0x6001299c        0x4 c:/users/lht820/.platformio/packages/toolchain-gccarmnoneeabi/bin/../lib/gcc/arm-none-eabi/7.2.1/thumb/v7e-m/fpv5/hard\libgcc.a(_dvmd_tls.o)
                0x6001299c                __aeabi_idiv0
                0x6001299c                __aeabi_ldiv0
 .text          0x600129a0       0xa0 c:/users/lht820/.platformio/packages/toolchain-gccarmnoneeabi/bin/../lib/gcc/arm-none-eabi/7.2.1/../../../../arm-none-eabi/lib/thumb/v7e-m/fpv5/hard\libc_nano.a(lib_a-memchr.o)
                0x600129a0                memchr
 *(.text*)
 .text.CLOCK_ControlGate
                0x60012a40       0x24 C:\Users\lht820\.platformio\packages\framework-arduinoimxrt\tools\lib\MIMXRT1052\libfsl_bsp.a(fsl_adc.c.obj)
 .text.ADC_Init
                0x60012a64       0xac C:\Users\lht820\.platformio\packages\framework-arduinoimxrt\tools\lib\MIMXRT1052\libfsl_bsp.a(fsl_adc.c.obj)
                0x60012a64                ADC_Init
 .text.ADC_GetDefaultConfig
                0x60012b10       0x2c C:\Users\lht820\.platformio\packages\framework-arduinoimxrt\tools\lib\MIMXRT1052\libfsl_bsp.a(fsl_adc.c.obj)
                0x60012b10                ADC_GetDefaultConfig
 .text.ADC_DoAutoCalibration
                0x60012b3c       0x54 C:\Users\lht820\.platformio\packages\framework-arduinoimxrt\tools\lib\MIMXRT1052\libfsl_bsp.a(fsl_adc.c.obj)
                0x60012b3c                ADC_DoAutoCalibration
 .text.CLOCK_InitExternalClk
                0x60012b90       0x30 C:\Users\lht820\.platformio\packages\framework-arduinoimxrt\tools\lib\MIMXRT1052\libfsl_bsp.a(fsl_clock.c.obj)
                0x60012b90                CLOCK_InitExternalClk
 .text.CLOCK_SwitchOsc
                0x60012bc0       0x18 C:\Users\lht820\.platformio\packages\framework-arduinoimxrt\tools\lib\MIMXRT1052\libfsl_bsp.a(fsl_clock.c.obj)
                0x60012bc0                CLOCK_SwitchOsc
 .text.CLOCK_InitRcOsc24M
                0x60012bd8       0x14 C:\Users\lht820\.platformio\packages\framework-arduinoimxrt\tools\lib\MIMXRT1052\libfsl_bsp.a(fsl_clock.c.obj)
                0x60012bd8                CLOCK_InitRcOsc24M
 .text.CLOCK_InitArmPll
                0x60012bec       0x44 C:\Users\lht820\.platformio\packages\framework-arduinoimxrt\tools\lib\MIMXRT1052\libfsl_bsp.a(fsl_clock.c.obj)
                0x60012bec                CLOCK_InitArmPll
 .text.CLOCK_InitSysPll
                0x60012c30       0x68 C:\Users\lht820\.platformio\packages\framework-arduinoimxrt\tools\lib\MIMXRT1052\libfsl_bsp.a(fsl_clock.c.obj)
                0x60012c30                CLOCK_InitSysPll
 .text.CLOCK_DeinitUsb2Pll
                0x60012c98        0xc C:\Users\lht820\.platformio\packages\framework-arduinoimxrt\tools\lib\MIMXRT1052\libfsl_bsp.a(fsl_clock.c.obj)
                0x60012c98                CLOCK_DeinitUsb2Pll
 .text.CLOCK_DeinitAudioPll
                0x60012ca4       0x10 C:\Users\lht820\.platformio\packages\framework-arduinoimxrt\tools\lib\MIMXRT1052\libfsl_bsp.a(fsl_clock.c.obj)
                0x60012ca4                CLOCK_DeinitAudioPll
 .text.CLOCK_DeinitVideoPll
                0x60012cb4       0x10 C:\Users\lht820\.platformio\packages\framework-arduinoimxrt\tools\lib\MIMXRT1052\libfsl_bsp.a(fsl_clock.c.obj)
                0x60012cb4                CLOCK_DeinitVideoPll
 .text.CLOCK_DeinitEnetPll
                0x60012cc4       0x10 C:\Users\lht820\.platformio\packages\framework-arduinoimxrt\tools\lib\MIMXRT1052\libfsl_bsp.a(fsl_clock.c.obj)
                0x60012cc4                CLOCK_DeinitEnetPll
 .text.CLOCK_InitSysPfd
                0x60012cd4       0x30 C:\Users\lht820\.platformio\packages\framework-arduinoimxrt\tools\lib\MIMXRT1052\libfsl_bsp.a(fsl_clock.c.obj)
                0x60012cd4                CLOCK_InitSysPfd
 .text.EDMA_GetChannelStatusFlags
                0x60012d04       0x28 C:\Users\lht820\.platformio\packages\framework-arduinoimxrt\tools\lib\MIMXRT1052\libfsl_bsp.a(fsl_edma.c.obj)
                0x60012d04                EDMA_GetChannelStatusFlags
 .text.EDMA_HandleIRQ
                0x60012d2c       0x92 C:\Users\lht820\.platformio\packages\framework-arduinoimxrt\tools\lib\MIMXRT1052\libfsl_bsp.a(fsl_edma.c.obj)
                0x60012d2c                EDMA_HandleIRQ
 *fill*         0x60012dbe        0x2 
 .text.DMA0_DMA16_DriverIRQHandler
                0x60012dc0       0x38 C:\Users\lht820\.platformio\packages\framework-arduinoimxrt\tools\lib\MIMXRT1052\libfsl_bsp.a(fsl_edma.c.obj)
                0x60012dc0                DMA0_DMA16_DriverIRQHandler
 .text.DMA1_DMA17_DriverIRQHandler
                0x60012df8       0x38 C:\Users\lht820\.platformio\packages\framework-arduinoimxrt\tools\lib\MIMXRT1052\libfsl_bsp.a(fsl_edma.c.obj)
                0x60012df8                DMA1_DMA17_DriverIRQHandler
 .text.DMA2_DMA18_DriverIRQHandler
                0x60012e30       0x38 C:\Users\lht820\.platformio\packages\framework-arduinoimxrt\tools\lib\MIMXRT1052\libfsl_bsp.a(fsl_edma.c.obj)
                0x60012e30                DMA2_DMA18_DriverIRQHandler
 .text.DMA3_DMA19_DriverIRQHandler
                0x60012e68       0x38 C:\Users\lht820\.platformio\packages\framework-arduinoimxrt\tools\lib\MIMXRT1052\libfsl_bsp.a(fsl_edma.c.obj)
                0x60012e68                DMA3_DMA19_DriverIRQHandler
 .text.DMA4_DMA20_DriverIRQHandler
                0x60012ea0       0x38 C:\Users\lht820\.platformio\packages\framework-arduinoimxrt\tools\lib\MIMXRT1052\libfsl_bsp.a(fsl_edma.c.obj)
                0x60012ea0                DMA4_DMA20_DriverIRQHandler
 .text.DMA5_DMA21_DriverIRQHandler
                0x60012ed8       0x38 C:\Users\lht820\.platformio\packages\framework-arduinoimxrt\tools\lib\MIMXRT1052\libfsl_bsp.a(fsl_edma.c.obj)
                0x60012ed8                DMA5_DMA21_DriverIRQHandler
 .text.DMA6_DMA22_DriverIRQHandler
                0x60012f10       0x38 C:\Users\lht820\.platformio\packages\framework-arduinoimxrt\tools\lib\MIMXRT1052\libfsl_bsp.a(fsl_edma.c.obj)
                0x60012f10                DMA6_DMA22_DriverIRQHandler
 .text.DMA7_DMA23_DriverIRQHandler
                0x60012f48       0x38 C:\Users\lht820\.platformio\packages\framework-arduinoimxrt\tools\lib\MIMXRT1052\libfsl_bsp.a(fsl_edma.c.obj)
                0x60012f48                DMA7_DMA23_DriverIRQHandler
 .text.DMA8_DMA24_DriverIRQHandler
                0x60012f80       0x38 C:\Users\lht820\.platformio\packages\framework-arduinoimxrt\tools\lib\MIMXRT1052\libfsl_bsp.a(fsl_edma.c.obj)
                0x60012f80                DMA8_DMA24_DriverIRQHandler
 .text.DMA9_DMA25_DriverIRQHandler
                0x60012fb8       0x38 C:\Users\lht820\.platformio\packages\framework-arduinoimxrt\tools\lib\MIMXRT1052\libfsl_bsp.a(fsl_edma.c.obj)
                0x60012fb8                DMA9_DMA25_DriverIRQHandler
 .text.DMA10_DMA26_DriverIRQHandler
                0x60012ff0       0x38 C:\Users\lht820\.platformio\packages\framework-arduinoimxrt\tools\lib\MIMXRT1052\libfsl_bsp.a(fsl_edma.c.obj)
                0x60012ff0                DMA10_DMA26_DriverIRQHandler
 .text.DMA11_DMA27_DriverIRQHandler
                0x60013028       0x38 C:\Users\lht820\.platformio\packages\framework-arduinoimxrt\tools\lib\MIMXRT1052\libfsl_bsp.a(fsl_edma.c.obj)
                0x60013028                DMA11_DMA27_DriverIRQHandler
 .text.DMA12_DMA28_DriverIRQHandler
                0x60013060       0x38 C:\Users\lht820\.platformio\packages\framework-arduinoimxrt\tools\lib\MIMXRT1052\libfsl_bsp.a(fsl_edma.c.obj)
                0x60013060                DMA12_DMA28_DriverIRQHandler
 .text.DMA13_DMA29_DriverIRQHandler
                0x60013098       0x38 C:\Users\lht820\.platformio\packages\framework-arduinoimxrt\tools\lib\MIMXRT1052\libfsl_bsp.a(fsl_edma.c.obj)
                0x60013098                DMA13_DMA29_DriverIRQHandler
 .text.DMA14_DMA30_DriverIRQHandler
                0x600130d0       0x38 C:\Users\lht820\.platformio\packages\framework-arduinoimxrt\tools\lib\MIMXRT1052\libfsl_bsp.a(fsl_edma.c.obj)
                0x600130d0                DMA14_DMA30_DriverIRQHandler
 .text.DMA15_DMA31_DriverIRQHandler
                0x60013108       0x38 C:\Users\lht820\.platformio\packages\framework-arduinoimxrt\tools\lib\MIMXRT1052\libfsl_bsp.a(fsl_edma.c.obj)
                0x60013108                DMA15_DMA31_DriverIRQHandler
 .text.ENET_CommonFrame0IRQHandler
                0x60013140       0x78 C:\Users\lht820\.platformio\packages\framework-arduinoimxrt\tools\lib\MIMXRT1052\libfsl_bsp.a(fsl_enet.c.obj)
                0x60013140                ENET_CommonFrame0IRQHandler
 .text.ENET_1588_Timer_IRQHandler
                0x600131b8       0x14 C:\Users\lht820\.platformio\packages\framework-arduinoimxrt\tools\lib\MIMXRT1052\libfsl_bsp.a(fsl_enet.c.obj)
                0x600131b8                ENET_1588_Timer_IRQHandler
 .text.ENET_DriverIRQHandler
                0x600131cc        0xc C:\Users\lht820\.platformio\packages\framework-arduinoimxrt\tools\lib\MIMXRT1052\libfsl_bsp.a(fsl_enet.c.obj)
                0x600131cc                ENET_DriverIRQHandler
 .text.CAN1_DriverIRQHandler
                0x600131d8       0x18 C:\Users\lht820\.platformio\packages\framework-arduinoimxrt\tools\lib\MIMXRT1052\libfsl_bsp.a(fsl_flexcan.c.obj)
                0x600131d8                CAN1_DriverIRQHandler
 .text.CAN2_DriverIRQHandler
                0x600131f0       0x18 C:\Users\lht820\.platformio\packages\framework-arduinoimxrt\tools\lib\MIMXRT1052\libfsl_bsp.a(fsl_flexcan.c.obj)
                0x600131f0                CAN2_DriverIRQHandler
 .text.FLEXIO_CommonIRQHandler
                0x60013208       0x34 C:\Users\lht820\.platformio\packages\framework-arduinoimxrt\tools\lib\MIMXRT1052\libfsl_bsp.a(fsl_flexio.c.obj)
                0x60013208                FLEXIO_CommonIRQHandler
 .text.FLEXIO1_DriverIRQHandler
                0x6001323c        0x4 C:\Users\lht820\.platformio\packages\framework-arduinoimxrt\tools\lib\MIMXRT1052\libfsl_bsp.a(fsl_flexio.c.obj)
                0x6001323c                FLEXIO1_DriverIRQHandler
 .text.FLEXIO2_DriverIRQHandler
                0x60013240        0x4 C:\Users\lht820\.platformio\packages\framework-arduinoimxrt\tools\lib\MIMXRT1052\libfsl_bsp.a(fsl_flexio.c.obj)
                0x60013240                FLEXIO2_DriverIRQHandler
 .text.FLEXSPI_CheckAndClearError
                0x60013244       0x4e C:\Users\lht820\.platformio\packages\framework-arduinoimxrt\tools\lib\MIMXRT1052\libfsl_bsp.a(fsl_flexspi.c.obj)
                0x60013244                FLEXSPI_CheckAndClearError
 .text.FLEXSPI_TransferHandleIRQ
                0x60013292      0x144 C:\Users\lht820\.platformio\packages\framework-arduinoimxrt\tools\lib\MIMXRT1052\libfsl_bsp.a(fsl_flexspi.c.obj)
                0x60013292                FLEXSPI_TransferHandleIRQ
 *fill*         0x600133d6        0x2 
 .text.FLEXSPI_DriverIRQHandler
                0x600133d8       0x14 C:\Users\lht820\.platformio\packages\framework-arduinoimxrt\tools\lib\MIMXRT1052\libfsl_bsp.a(fsl_flexspi.c.obj)
                0x600133d8                FLEXSPI_DriverIRQHandler
 .text.GPIO_PinWrite
                0x600133ec       0x16 C:\Users\lht820\.platformio\packages\framework-arduinoimxrt\tools\lib\MIMXRT1052\libfsl_bsp.a(fsl_gpio.c.obj)
                0x600133ec                GPIO_PinWrite
 .text.GPIO_PinSetInterruptConfig
                0x60013402       0x82 C:\Users\lht820\.platformio\packages\framework-arduinoimxrt\tools\lib\MIMXRT1052\libfsl_bsp.a(fsl_gpio.c.obj)
                0x60013402                GPIO_PinSetInterruptConfig
 .text.GPIO_PinInit
                0x60013484       0xac C:\Users\lht820\.platformio\packages\framework-arduinoimxrt\tools\lib\MIMXRT1052\libfsl_bsp.a(fsl_gpio.c.obj)
                0x60013484                GPIO_PinInit
 .text.LPI2C_CommonIRQHandler
                0x60013530       0x48 C:\Users\lht820\.platformio\packages\framework-arduinoimxrt\tools\lib\MIMXRT1052\libfsl_bsp.a(fsl_lpi2c.c.obj)
 .text.LPI2C1_DriverIRQHandler
                0x60013578        0xc C:\Users\lht820\.platformio\packages\framework-arduinoimxrt\tools\lib\MIMXRT1052\libfsl_bsp.a(fsl_lpi2c.c.obj)
                0x60013578                LPI2C1_DriverIRQHandler
 .text.LPI2C2_DriverIRQHandler
                0x60013584        0xc C:\Users\lht820\.platformio\packages\framework-arduinoimxrt\tools\lib\MIMXRT1052\libfsl_bsp.a(fsl_lpi2c.c.obj)
                0x60013584                LPI2C2_DriverIRQHandler
 .text.LPI2C3_DriverIRQHandler
                0x60013590        0xc C:\Users\lht820\.platformio\packages\framework-arduinoimxrt\tools\lib\MIMXRT1052\libfsl_bsp.a(fsl_lpi2c.c.obj)
                0x60013590                LPI2C3_DriverIRQHandler
 .text.LPI2C4_DriverIRQHandler
                0x6001359c        0xc C:\Users\lht820\.platformio\packages\framework-arduinoimxrt\tools\lib\MIMXRT1052\libfsl_bsp.a(fsl_lpi2c.c.obj)
                0x6001359c                LPI2C4_DriverIRQHandler
 .text.LPSPI_CommonIRQHandler
                0x600135a8       0x18 C:\Users\lht820\.platformio\packages\framework-arduinoimxrt\tools\lib\MIMXRT1052\libfsl_bsp.a(fsl_lpspi.c.obj)
 .text.LPSPI1_DriverIRQHandler
                0x600135c0       0x14 C:\Users\lht820\.platformio\packages\framework-arduinoimxrt\tools\lib\MIMXRT1052\libfsl_bsp.a(fsl_lpspi.c.obj)
                0x600135c0                LPSPI1_DriverIRQHandler
 .text.LPSPI2_DriverIRQHandler
                0x600135d4       0x14 C:\Users\lht820\.platformio\packages\framework-arduinoimxrt\tools\lib\MIMXRT1052\libfsl_bsp.a(fsl_lpspi.c.obj)
                0x600135d4                LPSPI2_DriverIRQHandler
 .text.LPSPI3_DriverIRQHandler
                0x600135e8       0x14 C:\Users\lht820\.platformio\packages\framework-arduinoimxrt\tools\lib\MIMXRT1052\libfsl_bsp.a(fsl_lpspi.c.obj)
                0x600135e8                LPSPI3_DriverIRQHandler
 .text.LPSPI4_DriverIRQHandler
                0x600135fc       0x14 C:\Users\lht820\.platformio\packages\framework-arduinoimxrt\tools\lib\MIMXRT1052\libfsl_bsp.a(fsl_lpspi.c.obj)
                0x600135fc                LPSPI4_DriverIRQHandler
 .text.LPUART1_DriverIRQHandler
                0x60013610       0x18 C:\Users\lht820\.platformio\packages\framework-arduinoimxrt\tools\lib\MIMXRT1052\libfsl_bsp.a(fsl_lpuart.c.obj)
                0x60013610                LPUART1_DriverIRQHandler
 .text.LPUART2_DriverIRQHandler
                0x60013628       0x18 C:\Users\lht820\.platformio\packages\framework-arduinoimxrt\tools\lib\MIMXRT1052\libfsl_bsp.a(fsl_lpuart.c.obj)
                0x60013628                LPUART2_DriverIRQHandler
 .text.LPUART3_DriverIRQHandler
                0x60013640       0x18 C:\Users\lht820\.platformio\packages\framework-arduinoimxrt\tools\lib\MIMXRT1052\libfsl_bsp.a(fsl_lpuart.c.obj)
                0x60013640                LPUART3_DriverIRQHandler
 .text.LPUART4_DriverIRQHandler
                0x60013658       0x18 C:\Users\lht820\.platformio\packages\framework-arduinoimxrt\tools\lib\MIMXRT1052\libfsl_bsp.a(fsl_lpuart.c.obj)
                0x60013658                LPUART4_DriverIRQHandler
 .text.LPUART5_DriverIRQHandler
                0x60013670       0x18 C:\Users\lht820\.platformio\packages\framework-arduinoimxrt\tools\lib\MIMXRT1052\libfsl_bsp.a(fsl_lpuart.c.obj)
                0x60013670                LPUART5_DriverIRQHandler
 .text.LPUART6_DriverIRQHandler
                0x60013688       0x18 C:\Users\lht820\.platformio\packages\framework-arduinoimxrt\tools\lib\MIMXRT1052\libfsl_bsp.a(fsl_lpuart.c.obj)
                0x60013688                LPUART6_DriverIRQHandler
 .text.LPUART7_DriverIRQHandler
                0x600136a0       0x18 C:\Users\lht820\.platformio\packages\framework-arduinoimxrt\tools\lib\MIMXRT1052\libfsl_bsp.a(fsl_lpuart.c.obj)
                0x600136a0                LPUART7_DriverIRQHandler
 .text.LPUART8_DriverIRQHandler
                0x600136b8       0x18 C:\Users\lht820\.platformio\packages\framework-arduinoimxrt\tools\lib\MIMXRT1052\libfsl_bsp.a(fsl_lpuart.c.obj)
                0x600136b8                LPUART8_DriverIRQHandler
 .text.SAI1_DriverIRQHandler
                0x600136d0       0x70 C:\Users\lht820\.platformio\packages\framework-arduinoimxrt\tools\lib\MIMXRT1052\libfsl_bsp.a(fsl_sai.c.obj)
                0x600136d0                SAI1_DriverIRQHandler
 .text.SAI2_DriverIRQHandler
                0x60013740       0x70 C:\Users\lht820\.platformio\packages\framework-arduinoimxrt\tools\lib\MIMXRT1052\libfsl_bsp.a(fsl_sai.c.obj)
                0x60013740                SAI2_DriverIRQHandler
 .text.SAI3_TX_DriverIRQHandler
                0x600137b0       0x18 C:\Users\lht820\.platformio\packages\framework-arduinoimxrt\tools\lib\MIMXRT1052\libfsl_bsp.a(fsl_sai.c.obj)
                0x600137b0                SAI3_TX_DriverIRQHandler
 .text.SAI3_RX_DriverIRQHandler
                0x600137c8       0x18 C:\Users\lht820\.platformio\packages\framework-arduinoimxrt\tools\lib\MIMXRT1052\libfsl_bsp.a(fsl_sai.c.obj)
                0x600137c8                SAI3_RX_DriverIRQHandler
 .text.SPDIF_DriverIRQHandler
                0x600137e0       0x38 C:\Users\lht820\.platformio\packages\framework-arduinoimxrt\tools\lib\MIMXRT1052\libfsl_bsp.a(fsl_spdif.c.obj)
                0x600137e0                SPDIF_DriverIRQHandler
 .text.USDHC1_DriverIRQHandler
                0x60013818       0x18 C:\Users\lht820\.platformio\packages\framework-arduinoimxrt\tools\lib\MIMXRT1052\libfsl_bsp.a(fsl_usdhc.c.obj)
                0x60013818                USDHC1_DriverIRQHandler
 .text.USDHC2_DriverIRQHandler
                0x60013830       0x18 C:\Users\lht820\.platformio\packages\framework-arduinoimxrt\tools\lib\MIMXRT1052\libfsl_bsp.a(fsl_usdhc.c.obj)
                0x60013830                USDHC2_DriverIRQHandler
 .text.SystemCoreClockUpdate
                0x60013848      0x134 C:\Users\lht820\.platformio\packages\framework-arduinoimxrt\tools\lib\MIMXRT1052\libfsl_bsp.a(system_MIMXRT1052.c.obj)
                0x60013848                SystemCoreClockUpdate
 .text.SystemInitHook
                0x6001397c        0x2 C:\Users\lht820\.platformio\packages\framework-arduinoimxrt\tools\lib\MIMXRT1052\libfsl_bsp.a(system_MIMXRT1052.c.obj)
                0x6001397c                SystemInitHook
 *fill*         0x6001397e        0x2 
 .text.SystemInit
                0x60013980      0x118 C:\Users\lht820\.platformio\packages\framework-arduinoimxrt\tools\lib\MIMXRT1052\libfsl_bsp.a(system_MIMXRT1052.c.obj)
                0x60013980                SystemInit
 .text.setup    0x60013a98        0x8 .pio\build\seeed_arch_mix\src\Blink.cpp.o
                0x60013a98                setup
 .text.loop     0x60013aa0       0x26 .pio\build\seeed_arch_mix\src\Blink.cpp.o
                0x60013aa0                loop
 .text.startup.main
                0x60013ac6       0x10 .pio\build\seeed_arch_mix\libFrameworkArduino.a(main.cpp.o)
                0x60013ac6                main
 *fill*         0x60013ad6        0x2 
 .text.micros   0x60013ad8       0x6c .pio\build\seeed_arch_mix\libFrameworkArduino.a(wiring.c.o)
                0x60013ad8                micros
 .text.delay    0x60013b44       0x26 .pio\build\seeed_arch_mix\libFrameworkArduino.a(wiring.c.o)
                0x60013b44                delay
 *fill*         0x60013b6a        0x2 
 .text.SysTick_Handler
                0x60013b6c       0x10 .pio\build\seeed_arch_mix\libFrameworkArduino.a(wiring.c.o)
                0x60013b6c                SysTick_Handler
 .text.init     0x60013b7c       0x9c .pio\build\seeed_arch_mix\libFrameworkArduino.a(wiring.c.o)
                0x60013b7c                init
 .text.pinMode  0x60013c18       0x58 .pio\build\seeed_arch_mix\libFrameworkArduino.a(wiring_digital.c.o)
                0x60013c18                pinMode
 .text.digitalWrite
                0x60013c70       0x28 .pio\build\seeed_arch_mix\libFrameworkArduino.a(wiring_digital.c.o)
                0x60013c70                digitalWrite
 .text.CLOCK_SetDiv
                0x60013c98       0x5c .pio\build\seeed_arch_mix\libFrameworkArduino.a(clock_config.c.o)
 .text.CLOCK_SetMux
                0x60013cf4       0x5c .pio\build\seeed_arch_mix\libFrameworkArduino.a(clock_config.c.o)
 .text.CLOCK_DisableClock
                0x60013d50       0x24 .pio\build\seeed_arch_mix\libFrameworkArduino.a(clock_config.c.o)
 .text.BOARD_BootClockRUN
                0x60013d74      0x5ac .pio\build\seeed_arch_mix\libFrameworkArduino.a(clock_config.c.o)
                0x60013d74                BOARD_BootClockRUN
 .text.__empty  0x60014320        0x2 .pio\build\seeed_arch_mix\libFrameworkArduino.a(hooks.c.o)
                0x60014320                yield
 *fill*         0x60014322        0x2 
 .text.__assert_func
                0x60014324       0x3c c:/users/lht820/.platformio/packages/toolchain-gccarmnoneeabi/bin/../lib/gcc/arm-none-eabi/7.2.1/../../../../arm-none-eabi/lib/thumb/v7e-m/fpv5/hard\libc_nano.a(lib_a-assert.o)
                0x60014324                __assert_func
 .text.exit     0x60014360       0x28 c:/users/lht820/.platformio/packages/toolchain-gccarmnoneeabi/bin/../lib/gcc/arm-none-eabi/7.2.1/../../../../arm-none-eabi/lib/thumb/v7e-m/fpv5/hard\libc_nano.a(lib_a-exit.o)
                0x60014360                exit
 .text.fprintf  0x60014388       0x24 c:/users/lht820/.platformio/packages/toolchain-gccarmnoneeabi/bin/../lib/gcc/arm-none-eabi/7.2.1/../../../../arm-none-eabi/lib/thumb/v7e-m/fpv5/hard\libc_nano.a(lib_a-fprintf.o)
                0x60014388                fiprintf
                0x60014388                fprintf
 .text.__libc_init_array
                0x600143ac       0x48 c:/users/lht820/.platformio/packages/toolchain-gccarmnoneeabi/bin/../lib/gcc/arm-none-eabi/7.2.1/../../../../arm-none-eabi/lib/thumb/v7e-m/fpv5/hard\libc_nano.a(lib_a-init.o)
                0x600143ac                __libc_init_array
 .text.memset   0x600143f4       0x10 c:/users/lht820/.platformio/packages/toolchain-gccarmnoneeabi/bin/../lib/gcc/arm-none-eabi/7.2.1/../../../../arm-none-eabi/lib/thumb/v7e-m/fpv5/hard\libc_nano.a(lib_a-memset.o)
                0x600143f4                memset
 .text._free_r  0x60014404       0x9c c:/users/lht820/.platformio/packages/toolchain-gccarmnoneeabi/bin/../lib/gcc/arm-none-eabi/7.2.1/../../../../arm-none-eabi/lib/thumb/v7e-m/fpv5/hard\libc_nano.a(lib_a-nano-freer.o)
                0x60014404                _free_r
 .text._malloc_r
                0x600144a0       0xb4 c:/users/lht820/.platformio/packages/toolchain-gccarmnoneeabi/bin/../lib/gcc/arm-none-eabi/7.2.1/../../../../arm-none-eabi/lib/thumb/v7e-m/fpv5/hard\libc_nano.a(lib_a-nano-mallocr.o)
                0x600144a0                _malloc_r
 .text.__sfputc_r
                0x60014554       0x2e c:/users/lht820/.platformio/packages/toolchain-gccarmnoneeabi/bin/../lib/gcc/arm-none-eabi/7.2.1/../../../../arm-none-eabi/lib/thumb/v7e-m/fpv5/hard\libc_nano.a(lib_a-nano-vfprintf.o)
 .text.__sfputs_r
                0x60014582       0x24 c:/users/lht820/.platformio/packages/toolchain-gccarmnoneeabi/bin/../lib/gcc/arm-none-eabi/7.2.1/../../../../arm-none-eabi/lib/thumb/v7e-m/fpv5/hard\libc_nano.a(lib_a-nano-vfprintf.o)
                0x60014582                __sfputs_r
 *fill*         0x600145a6        0x2 
 .text._vfprintf_r
                0x600145a8      0x228 c:/users/lht820/.platformio/packages/toolchain-gccarmnoneeabi/bin/../lib/gcc/arm-none-eabi/7.2.1/../../../../arm-none-eabi/lib/thumb/v7e-m/fpv5/hard\libc_nano.a(lib_a-nano-vfprintf.o)
                0x600145a8                _vfprintf_r
                0x600145a8                _vfiprintf_r
 .text._printf_common
                0x600147d0       0xea c:/users/lht820/.platformio/packages/toolchain-gccarmnoneeabi/bin/../lib/gcc/arm-none-eabi/7.2.1/../../../../arm-none-eabi/lib/thumb/v7e-m/fpv5/hard\libc_nano.a(lib_a-nano-vfprintf_i.o)
                0x600147d0                _printf_common
 *fill*         0x600148ba        0x2 
 .text._printf_i
                0x600148bc      0x224 c:/users/lht820/.platformio/packages/toolchain-gccarmnoneeabi/bin/../lib/gcc/arm-none-eabi/7.2.1/../../../../arm-none-eabi/lib/thumb/v7e-m/fpv5/hard\libc_nano.a(lib_a-nano-vfprintf_i.o)
                0x600148bc                _printf_i
 .text._sbrk_r  0x60014ae0       0x20 c:/users/lht820/.platformio/packages/toolchain-gccarmnoneeabi/bin/../lib/gcc/arm-none-eabi/7.2.1/../../../../arm-none-eabi/lib/thumb/v7e-m/fpv5/hard\libc_nano.a(lib_a-sbrkr.o)
                0x60014ae0                _sbrk_r
 .text.__swbuf_r
                0x60014b00       0xa4 c:/users/lht820/.platformio/packages/toolchain-gccarmnoneeabi/bin/../lib/gcc/arm-none-eabi/7.2.1/../../../../arm-none-eabi/lib/thumb/v7e-m/fpv5/hard\libc_nano.a(lib_a-wbuf.o)
                0x60014b00                __swbuf_r
 .text.__swsetup_r
                0x60014ba4       0xdc c:/users/lht820/.platformio/packages/toolchain-gccarmnoneeabi/bin/../lib/gcc/arm-none-eabi/7.2.1/../../../../arm-none-eabi/lib/thumb/v7e-m/fpv5/hard\libc_nano.a(lib_a-wsetup.o)
                0x60014ba4                __swsetup_r
 .text.abort    0x60014c80        0xe c:/users/lht820/.platformio/packages/toolchain-gccarmnoneeabi/bin/../lib/gcc/arm-none-eabi/7.2.1/../../../../arm-none-eabi/lib/thumb/v7e-m/fpv5/hard\libc_nano.a(lib_a-abort.o)
                0x60014c80                abort
 *fill*         0x60014c8e        0x2 
 .text.__sflush_r
                0x60014c90      0x10c c:/users/lht820/.platformio/packages/toolchain-gccarmnoneeabi/bin/../lib/gcc/arm-none-eabi/7.2.1/../../../../arm-none-eabi/lib/thumb/v7e-m/fpv5/hard\libc_nano.a(lib_a-fflush.o)
                0x60014c90                __sflush_r
 .text._fflush_r
                0x60014d9c       0x54 c:/users/lht820/.platformio/packages/toolchain-gccarmnoneeabi/bin/../lib/gcc/arm-none-eabi/7.2.1/../../../../arm-none-eabi/lib/thumb/v7e-m/fpv5/hard\libc_nano.a(lib_a-fflush.o)
                0x60014d9c                _fflush_r
 .text.std      0x60014df0       0x48 c:/users/lht820/.platformio/packages/toolchain-gccarmnoneeabi/bin/../lib/gcc/arm-none-eabi/7.2.1/../../../../arm-none-eabi/lib/thumb/v7e-m/fpv5/hard\libc_nano.a(lib_a-findfp.o)
 .text._cleanup_r
                0x60014e38        0xc c:/users/lht820/.platformio/packages/toolchain-gccarmnoneeabi/bin/../lib/gcc/arm-none-eabi/7.2.1/../../../../arm-none-eabi/lib/thumb/v7e-m/fpv5/hard\libc_nano.a(lib_a-findfp.o)
                0x60014e38                _cleanup_r
 .text.__sfmoreglue
                0x60014e44       0x2c c:/users/lht820/.platformio/packages/toolchain-gccarmnoneeabi/bin/../lib/gcc/arm-none-eabi/7.2.1/../../../../arm-none-eabi/lib/thumb/v7e-m/fpv5/hard\libc_nano.a(lib_a-findfp.o)
                0x60014e44                __sfmoreglue
 .text.__sinit  0x60014e70       0x60 c:/users/lht820/.platformio/packages/toolchain-gccarmnoneeabi/bin/../lib/gcc/arm-none-eabi/7.2.1/../../../../arm-none-eabi/lib/thumb/v7e-m/fpv5/hard\libc_nano.a(lib_a-findfp.o)
                0x60014e70                __sinit
 .text.__sfp    0x60014ed0       0x78 c:/users/lht820/.platformio/packages/toolchain-gccarmnoneeabi/bin/../lib/gcc/arm-none-eabi/7.2.1/../../../../arm-none-eabi/lib/thumb/v7e-m/fpv5/hard\libc_nano.a(lib_a-findfp.o)
                0x60014ed0                __sfp
 .text._fwalk_reent
                0x60014f48       0x3c c:/users/lht820/.platformio/packages/toolchain-gccarmnoneeabi/bin/../lib/gcc/arm-none-eabi/7.2.1/../../../../arm-none-eabi/lib/thumb/v7e-m/fpv5/hard\libc_nano.a(lib_a-fwalk.o)
                0x60014f48                _fwalk_reent
 .text.__swhatbuf_r
                0x60014f84       0x48 c:/users/lht820/.platformio/packages/toolchain-gccarmnoneeabi/bin/../lib/gcc/arm-none-eabi/7.2.1/../../../../arm-none-eabi/lib/thumb/v7e-m/fpv5/hard\libc_nano.a(lib_a-makebuf.o)
                0x60014f84                __swhatbuf_r
 .text.__smakebuf_r
                0x60014fcc       0x80 c:/users/lht820/.platformio/packages/toolchain-gccarmnoneeabi/bin/../lib/gcc/arm-none-eabi/7.2.1/../../../../arm-none-eabi/lib/thumb/v7e-m/fpv5/hard\libc_nano.a(lib_a-makebuf.o)
                0x60014fcc                __smakebuf_r
 .text.__malloc_lock
                0x6001504c        0x2 c:/users/lht820/.platformio/packages/toolchain-gccarmnoneeabi/bin/../lib/gcc/arm-none-eabi/7.2.1/../../../../arm-none-eabi/lib/thumb/v7e-m/fpv5/hard\libc_nano.a(lib_a-mlock.o)
                0x6001504c                __malloc_lock
 .text.__malloc_unlock
                0x6001504e        0x2 c:/users/lht820/.platformio/packages/toolchain-gccarmnoneeabi/bin/../lib/gcc/arm-none-eabi/7.2.1/../../../../arm-none-eabi/lib/thumb/v7e-m/fpv5/hard\libc_nano.a(lib_a-mlock.o)
                0x6001504e                __malloc_unlock
 .text._raise_r
                0x60015050       0x50 c:/users/lht820/.platformio/packages/toolchain-gccarmnoneeabi/bin/../lib/gcc/arm-none-eabi/7.2.1/../../../../arm-none-eabi/lib/thumb/v7e-m/fpv5/hard\libc_nano.a(lib_a-signal.o)
                0x60015050                _raise_r
 .text.raise    0x600150a0       0x10 c:/users/lht820/.platformio/packages/toolchain-gccarmnoneeabi/bin/../lib/gcc/arm-none-eabi/7.2.1/../../../../arm-none-eabi/lib/thumb/v7e-m/fpv5/hard\libc_nano.a(lib_a-signal.o)
                0x600150a0                raise
 .text._kill_r  0x600150b0       0x24 c:/users/lht820/.platformio/packages/toolchain-gccarmnoneeabi/bin/../lib/gcc/arm-none-eabi/7.2.1/../../../../arm-none-eabi/lib/thumb/v7e-m/fpv5/hard\libc_nano.a(lib_a-signalr.o)
                0x600150b0                _kill_r
 .text._getpid_r
                0x600150d4        0x4 c:/users/lht820/.platformio/packages/toolchain-gccarmnoneeabi/bin/../lib/gcc/arm-none-eabi/7.2.1/../../../../arm-none-eabi/lib/thumb/v7e-m/fpv5/hard\libc_nano.a(lib_a-signalr.o)
                0x600150d4                _getpid_r
 .text.__sread  0x600150d8       0x22 c:/users/lht820/.platformio/packages/toolchain-gccarmnoneeabi/bin/../lib/gcc/arm-none-eabi/7.2.1/../../../../arm-none-eabi/lib/thumb/v7e-m/fpv5/hard\libc_nano.a(lib_a-stdio.o)
                0x600150d8                __sread
 .text.__swrite
                0x600150fa       0x38 c:/users/lht820/.platformio/packages/toolchain-gccarmnoneeabi/bin/../lib/gcc/arm-none-eabi/7.2.1/../../../../arm-none-eabi/lib/thumb/v7e-m/fpv5/hard\libc_nano.a(lib_a-stdio.o)
                0x600150fa                __swrite
 .text.__sseek  0x60015132       0x24 c:/users/lht820/.platformio/packages/toolchain-gccarmnoneeabi/bin/../lib/gcc/arm-none-eabi/7.2.1/../../../../arm-none-eabi/lib/thumb/v7e-m/fpv5/hard\libc_nano.a(lib_a-stdio.o)
                0x60015132                __sseek
 .text.__sclose
                0x60015156        0x8 c:/users/lht820/.platformio/packages/toolchain-gccarmnoneeabi/bin/../lib/gcc/arm-none-eabi/7.2.1/../../../../arm-none-eabi/lib/thumb/v7e-m/fpv5/hard\libc_nano.a(lib_a-stdio.o)
                0x60015156                __sclose
 *fill*         0x6001515e        0x2 
 .text._write_r
                0x60015160       0x24 c:/users/lht820/.platformio/packages/toolchain-gccarmnoneeabi/bin/../lib/gcc/arm-none-eabi/7.2.1/../../../../arm-none-eabi/lib/thumb/v7e-m/fpv5/hard\libc_nano.a(lib_a-writer.o)
                0x60015160                _write_r
 .text._close_r
                0x60015184       0x20 c:/users/lht820/.platformio/packages/toolchain-gccarmnoneeabi/bin/../lib/gcc/arm-none-eabi/7.2.1/../../../../arm-none-eabi/lib/thumb/v7e-m/fpv5/hard\libc_nano.a(lib_a-closer.o)
                0x60015184                _close_r
 .text._fstat_r
                0x600151a4       0x24 c:/users/lht820/.platformio/packages/toolchain-gccarmnoneeabi/bin/../lib/gcc/arm-none-eabi/7.2.1/../../../../arm-none-eabi/lib/thumb/v7e-m/fpv5/hard\libc_nano.a(lib_a-fstatr.o)
                0x600151a4                _fstat_r
 .text._isatty_r
                0x600151c8       0x20 c:/users/lht820/.platformio/packages/toolchain-gccarmnoneeabi/bin/../lib/gcc/arm-none-eabi/7.2.1/../../../../arm-none-eabi/lib/thumb/v7e-m/fpv5/hard\libc_nano.a(lib_a-isattyr.o)
                0x600151c8                _isatty_r
 .text._lseek_r
                0x600151e8       0x24 c:/users/lht820/.platformio/packages/toolchain-gccarmnoneeabi/bin/../lib/gcc/arm-none-eabi/7.2.1/../../../../arm-none-eabi/lib/thumb/v7e-m/fpv5/hard\libc_nano.a(lib_a-lseekr.o)
                0x600151e8                _lseek_r
 .text._read_r  0x6001520c       0x24 c:/users/lht820/.platformio/packages/toolchain-gccarmnoneeabi/bin/../lib/gcc/arm-none-eabi/7.2.1/../../../../arm-none-eabi/lib/thumb/v7e-m/fpv5/hard\libc_nano.a(lib_a-readr.o)
                0x6001520c                _read_r
 .text._close   0x60015230       0x10 c:/users/lht820/.platformio/packages/toolchain-gccarmnoneeabi/bin/../lib/gcc/arm-none-eabi/7.2.1/../../../../arm-none-eabi/lib/thumb/v7e-m/fpv5/hard\libnosys.a(close.o)
                0x60015230                _close
 .text._fstat   0x60015240       0x10 c:/users/lht820/.platformio/packages/toolchain-gccarmnoneeabi/bin/../lib/gcc/arm-none-eabi/7.2.1/../../../../arm-none-eabi/lib/thumb/v7e-m/fpv5/hard\libnosys.a(fstat.o)
                0x60015240                _fstat
 .text._getpid  0x60015250       0x10 c:/users/lht820/.platformio/packages/toolchain-gccarmnoneeabi/bin/../lib/gcc/arm-none-eabi/7.2.1/../../../../arm-none-eabi/lib/thumb/v7e-m/fpv5/hard\libnosys.a(getpid.o)
                0x60015250                _getpid
 .text._isatty  0x60015260       0x10 c:/users/lht820/.platformio/packages/toolchain-gccarmnoneeabi/bin/../lib/gcc/arm-none-eabi/7.2.1/../../../../arm-none-eabi/lib/thumb/v7e-m/fpv5/hard\libnosys.a(isatty.o)
                0x60015260                _isatty
 .text._kill    0x60015270       0x10 c:/users/lht820/.platformio/packages/toolchain-gccarmnoneeabi/bin/../lib/gcc/arm-none-eabi/7.2.1/../../../../arm-none-eabi/lib/thumb/v7e-m/fpv5/hard\libnosys.a(kill.o)
                0x60015270                _kill
 .text._lseek   0x60015280       0x10 c:/users/lht820/.platformio/packages/toolchain-gccarmnoneeabi/bin/../lib/gcc/arm-none-eabi/7.2.1/../../../../arm-none-eabi/lib/thumb/v7e-m/fpv5/hard\libnosys.a(lseek.o)
                0x60015280                _lseek
 .text._read    0x60015290       0x10 c:/users/lht820/.platformio/packages/toolchain-gccarmnoneeabi/bin/../lib/gcc/arm-none-eabi/7.2.1/../../../../arm-none-eabi/lib/thumb/v7e-m/fpv5/hard\libnosys.a(read.o)
                0x60015290                _read
 .text._sbrk    0x600152a0       0x1c c:/users/lht820/.platformio/packages/toolchain-gccarmnoneeabi/bin/../lib/gcc/arm-none-eabi/7.2.1/../../../../arm-none-eabi/lib/thumb/v7e-m/fpv5/hard\libnosys.a(sbrk.o)
                0x600152a0                _sbrk
 .text._write   0x600152bc       0x10 c:/users/lht820/.platformio/packages/toolchain-gccarmnoneeabi/bin/../lib/gcc/arm-none-eabi/7.2.1/../../../../arm-none-eabi/lib/thumb/v7e-m/fpv5/hard\libnosys.a(write.o)
                0x600152bc                _write
 .text._exit    0x600152cc        0x4 c:/users/lht820/.platformio/packages/toolchain-gccarmnoneeabi/bin/../lib/gcc/arm-none-eabi/7.2.1/../../../../arm-none-eabi/lib/thumb/v7e-m/fpv5/hard\libnosys.a(_exit.o)
                0x600152cc                _exit
 *(.rodata)
 *(.rodata*)
 .rodata.s_adcClocks
                0x600152d0        0x6 C:\Users\lht820\.platformio\packages\framework-arduinoimxrt\tools\lib\MIMXRT1052\libfsl_bsp.a(fsl_adc.c.obj)
 .rodata.s_gpioClock
                0x600152d6        0xc C:\Users\lht820\.platformio\packages\framework-arduinoimxrt\tools\lib\MIMXRT1052\libfsl_bsp.a(fsl_gpio.c.obj)
 .rodata.dcd_data
                0x600152e2        0x1 C:\Users\lht820\.platformio\packages\framework-arduinoimxrt\tools\lib\MIMXRT1052\libfsl_xip_drivers.a(evkbimxrt1050_sdram_ini_dcd.c.obj)
                0x600152e2                dcd_data
 .rodata.CLOCK_SetDiv.str1.1
                0x600152e3       0x8b .pio\build\seeed_arch_mix\libFrameworkArduino.a(clock_config.c.o)
 .rodata.__func__.9875
                0x6001536e        0xd .pio\build\seeed_arch_mix\libFrameworkArduino.a(clock_config.c.o)
 .rodata.__func__.9887
                0x6001537b        0xd .pio\build\seeed_arch_mix\libFrameworkArduino.a(clock_config.c.o)
 .rodata.armPllConfig_BOARD_BootClockRUN
                0x60015388        0x8 .pio\build\seeed_arch_mix\libFrameworkArduino.a(clock_config.c.o)
                0x60015388                armPllConfig_BOARD_BootClockRUN
 .rodata.sysPllConfig_BOARD_BootClockRUN
                0x60015390       0x14 .pio\build\seeed_arch_mix\libFrameworkArduino.a(clock_config.c.o)
                0x60015390                sysPllConfig_BOARD_BootClockRUN
 .rodata.g_APinDescription
                0x600153a4     0x1f74 .pio\build\seeed_arch_mix\libFrameworkArduinoVariant.a(variant.c.o)
                0x600153a4                g_APinDescription
 .rodata.__assert_func.str1.1
                0x60017318       0x3c c:/users/lht820/.platformio/packages/toolchain-gccarmnoneeabi/bin/../lib/gcc/arm-none-eabi/7.2.1/../../../../arm-none-eabi/lib/thumb/v7e-m/fpv5/hard\libc_nano.a(lib_a-assert.o)
                                 0x3d (size before relaxing)
 .rodata._global_impure_ptr
                0x60017354        0x4 c:/users/lht820/.platformio/packages/toolchain-gccarmnoneeabi/bin/../lib/gcc/arm-none-eabi/7.2.1/../../../../arm-none-eabi/lib/thumb/v7e-m/fpv5/hard\libc_nano.a(lib_a-impure.o)
                0x60017354                _global_impure_ptr
 .rodata._vfprintf_r.str1.1
                0x60017358       0x11 c:/users/lht820/.platformio/packages/toolchain-gccarmnoneeabi/bin/../lib/gcc/arm-none-eabi/7.2.1/../../../../arm-none-eabi/lib/thumb/v7e-m/fpv5/hard\libc_nano.a(lib_a-nano-vfprintf.o)
 .rodata._printf_i.str1.1
                0x60017369       0x22 c:/users/lht820/.platformio/packages/toolchain-gccarmnoneeabi/bin/../lib/gcc/arm-none-eabi/7.2.1/../../../../arm-none-eabi/lib/thumb/v7e-m/fpv5/hard\libc_nano.a(lib_a-nano-vfprintf_i.o)
 *fill*         0x6001738b        0x1 
 .rodata.__sf_fake_stderr
                0x6001738c       0x20 c:/users/lht820/.platformio/packages/toolchain-gccarmnoneeabi/bin/../lib/gcc/arm-none-eabi/7.2.1/../../../../arm-none-eabi/lib/thumb/v7e-m/fpv5/hard\libc_nano.a(lib_a-findfp.o)
                0x6001738c                __sf_fake_stderr
 .rodata.__sf_fake_stdin
                0x600173ac       0x20 c:/users/lht820/.platformio/packages/toolchain-gccarmnoneeabi/bin/../lib/gcc/arm-none-eabi/7.2.1/../../../../arm-none-eabi/lib/thumb/v7e-m/fpv5/hard\libc_nano.a(lib_a-findfp.o)
                0x600173ac                __sf_fake_stdin
 .rodata.__sf_fake_stdout
                0x600173cc       0x20 c:/users/lht820/.platformio/packages/toolchain-gccarmnoneeabi/bin/../lib/gcc/arm-none-eabi/7.2.1/../../../../arm-none-eabi/lib/thumb/v7e-m/fpv5/hard\libc_nano.a(lib_a-findfp.o)
                0x600173cc                __sf_fake_stdout
 *(.glue_7)
 .glue_7        0x600173ec        0x0 linker stubs
 *(.glue_7t)
 .glue_7t       0x600173ec        0x0 linker stubs
 *(.eh_frame)
 .eh_frame      0x600173ec        0x0 c:/users/lht820/.platformio/packages/toolchain-gccarmnoneeabi/bin/../lib/gcc/arm-none-eabi/7.2.1/thumb/v7e-m/fpv5/hard/crtbegin.o
 *(.init)
 .init          0x600173ec        0x4 c:/users/lht820/.platformio/packages/toolchain-gccarmnoneeabi/bin/../lib/gcc/arm-none-eabi/7.2.1/thumb/v7e-m/fpv5/hard/crti.o
                0x600173ec                _init
 .init          0x600173f0        0x8 c:/users/lht820/.platformio/packages/toolchain-gccarmnoneeabi/bin/../lib/gcc/arm-none-eabi/7.2.1/thumb/v7e-m/fpv5/hard/crtn.o
 *(.fini)
 .fini          0x600173f8        0x4 c:/users/lht820/.platformio/packages/toolchain-gccarmnoneeabi/bin/../lib/gcc/arm-none-eabi/7.2.1/thumb/v7e-m/fpv5/hard/crti.o
                0x600173f8                _fini
 .fini          0x600173fc        0x8 c:/users/lht820/.platformio/packages/toolchain-gccarmnoneeabi/bin/../lib/gcc/arm-none-eabi/7.2.1/thumb/v7e-m/fpv5/hard/crtn.o
                0x60017404                . = ALIGN (0x4)

.vfp11_veneer   0x60017404        0x0
 .vfp11_veneer  0x60017404        0x0 linker stubs

.v4_bx          0x60017404        0x0
 .v4_bx         0x60017404        0x0 linker stubs

.iplt           0x60017404        0x0
 .iplt          0x60017404        0x0 c:/users/lht820/.platformio/packages/toolchain-gccarmnoneeabi/bin/../lib/gcc/arm-none-eabi/7.2.1/thumb/v7e-m/fpv5/hard/crtbegin.o

.ARM.extab
 *(.ARM.extab* .gnu.linkonce.armextab.*)

.ARM            0x60017404        0x8
                0x60017404                __exidx_start = .
 *(.ARM.exidx*)
 .ARM.exidx     0x60017404        0x8 c:/users/lht820/.platformio/packages/toolchain-gccarmnoneeabi/bin/../lib/gcc/arm-none-eabi/7.2.1/../../../../arm-none-eabi/lib/thumb/v7e-m/fpv5/hard/crt0.o
 .ARM.exidx     0x6001740c        0x0 c:/users/lht820/.platformio/packages/toolchain-gccarmnoneeabi/bin/../lib/gcc/arm-none-eabi/7.2.1/thumb/v7e-m/fpv5/hard\libgcc.a(_udivmoddi4.o)
                                  0x8 (size before relaxing)
                0x6001740c                __exidx_end = .

.rel.dyn        0x6001740c        0x0
 .rel.iplt      0x6001740c        0x0 c:/users/lht820/.platformio/packages/toolchain-gccarmnoneeabi/bin/../lib/gcc/arm-none-eabi/7.2.1/thumb/v7e-m/fpv5/hard/crtbegin.o

.ctors          0x6001740c        0x0
                0x6001740c                __CTOR_LIST__ = .
 *crtbegin.o(.ctors)
 *crtbegin?.o(.ctors)
 *(EXCLUDE_FILE(*crtend.o *crtend?.o) .ctors)
 *(SORT_BY_NAME(.ctors.*))
 *(.ctors)
                0x6001740c                __CTOR_END__ = .

.dtors          0x6001740c        0x0
                0x6001740c                __DTOR_LIST__ = .
 *crtbegin.o(.dtors)
 *crtbegin?.o(.dtors)
 *(EXCLUDE_FILE(*crtend.o *crtend?.o) .dtors)
 *(SORT_BY_NAME(.dtors.*))
 *(.dtors)
                0x6001740c                __DTOR_END__ = .

.preinit_array  0x6001740c        0x0
                0x6001740c                PROVIDE (__preinit_array_start, .)
 *(.preinit_array*)
                0x6001740c                PROVIDE (__preinit_array_end, .)

.init_array     0x6001740c        0x4
                0x6001740c                PROVIDE (__init_array_start, .)
 *(SORT_BY_NAME(.init_array.*))
 *(.init_array*)
 .init_array    0x6001740c        0x4 c:/users/lht820/.platformio/packages/toolchain-gccarmnoneeabi/bin/../lib/gcc/arm-none-eabi/7.2.1/thumb/v7e-m/fpv5/hard/crtbegin.o
                0x60017410                PROVIDE (__init_array_end, .)

.fini_array     0x60017410        0x4
                [!provide]                PROVIDE (__fini_array_start, .)
 *(SORT_BY_NAME(.fini_array.*))
 *(.fini_array*)
 .fini_array    0x60017410        0x4 c:/users/lht820/.platformio/packages/toolchain-gccarmnoneeabi/bin/../lib/gcc/arm-none-eabi/7.2.1/thumb/v7e-m/fpv5/hard/crtbegin.o
                [!provide]                PROVIDE (__fini_array_end, .)
                0x60017414                __etext = .
                0x60017414                __DATA_ROM = .

.data           0x20000000       0x68 load address 0x60017414
                0x20000000                . = ALIGN (0x4)
                0x20000000                __DATA_RAM = .
                0x20000000                __data_start__ = .
 *(m_usb_dma_init_data)
 *(.data)
 *(.data*)
 .data.SystemCoreClock
                0x20000000        0x4 C:\Users\lht820\.platformio\packages\framework-arduinoimxrt\tools\lib\MIMXRT1052\libfsl_bsp.a(system_MIMXRT1052.c.obj)
                0x20000000                SystemCoreClock
 .data._impure_ptr
                0x20000004        0x4 c:/users/lht820/.platformio/packages/toolchain-gccarmnoneeabi/bin/../lib/gcc/arm-none-eabi/7.2.1/../../../../arm-none-eabi/lib/thumb/v7e-m/fpv5/hard\libc_nano.a(lib_a-impure.o)
                0x20000004                _impure_ptr
 .data.impure_data
                0x20000008       0x60 c:/users/lht820/.platformio/packages/toolchain-gccarmnoneeabi/bin/../lib/gcc/arm-none-eabi/7.2.1/../../../../arm-none-eabi/lib/thumb/v7e-m/fpv5/hard\libc_nano.a(lib_a-impure.o)
 *(.jcr*)
                0x20000068                . = ALIGN (0x4)
                0x20000068                __data_end__ = .
                0x6001747c                __NDATA_ROM = (__DATA_ROM + (__data_end__ - __data_start__))

.igot.plt       0x20000068        0x0 load address 0x6001747c
 .igot.plt      0x20000068        0x0 c:/users/lht820/.platformio/packages/toolchain-gccarmnoneeabi/bin/../lib/gcc/arm-none-eabi/7.2.1/thumb/v7e-m/fpv5/hard/crtbegin.o

.ncache.init    0x20000068        0x0 load address 0x6001747c
                0x20000068                __noncachedata_start__ = .
 *(NonCacheable.init)
                0x20000068                . = ALIGN (0x4)
                0x20000068                __noncachedata_init_end__ = .
                0x20000068                . = __noncachedata_init_end__

.ncache         0x20000068        0x0
 *(NonCacheable)
                0x20000068                . = ALIGN (0x4)
                0x20000068                __noncachedata_end__ = .
                0x6001747c                __DATA_END = (__NDATA_ROM + (__noncachedata_init_end__ - __noncachedata_start__))
                0x60802400                text_end = (ORIGIN (m_text) + LENGTH (m_text))
                0x00000001                ASSERT ((__DATA_END <= text_end), region m_text overflowed with text and data)

.bss            0x20000068      0x1b0 load address 0x6001747c
                0x20000068                . = ALIGN (0x4)
                0x20000068                __START_BSS = .
                0x20000068                __bss_start__ = .
 *(m_usb_dma_noninit_data)
 *(.bss)
 .bss           0x20000068       0x1c c:/users/lht820/.platformio/packages/toolchain-gccarmnoneeabi/bin/../lib/gcc/arm-none-eabi/7.2.1/thumb/v7e-m/fpv5/hard/crtbegin.o
 *(.bss*)
 .bss.g_rtcXtalFreq
                0x20000084        0x4 C:\Users\lht820\.platformio\packages\framework-arduinoimxrt\tools\lib\MIMXRT1052\libfsl_bsp.a(fsl_clock.c.obj)
                0x20000084                g_rtcXtalFreq
 .bss.g_xtalFreq
                0x20000088        0x4 C:\Users\lht820\.platformio\packages\framework-arduinoimxrt\tools\lib\MIMXRT1052\libfsl_bsp.a(fsl_clock.c.obj)
                0x20000088                g_xtalFreq
 .bss.s_EDMAHandle
                0x2000008c       0x80 C:\Users\lht820\.platformio\packages\framework-arduinoimxrt\tools\lib\MIMXRT1052\libfsl_bsp.a(fsl_edma.c.obj)
 .bss.s_ENETHandle
                0x2000010c        0x4 C:\Users\lht820\.platformio\packages\framework-arduinoimxrt\tools\lib\MIMXRT1052\libfsl_bsp.a(fsl_enet.c.obj)
 .bss.s_enetErrIsr
                0x20000110        0x4 C:\Users\lht820\.platformio\packages\framework-arduinoimxrt\tools\lib\MIMXRT1052\libfsl_bsp.a(fsl_enet.c.obj)
 .bss.s_enetRxIsr
                0x20000114        0x4 C:\Users\lht820\.platformio\packages\framework-arduinoimxrt\tools\lib\MIMXRT1052\libfsl_bsp.a(fsl_enet.c.obj)
 .bss.s_enetTxIsr
                0x20000118        0x4 C:\Users\lht820\.platformio\packages\framework-arduinoimxrt\tools\lib\MIMXRT1052\libfsl_bsp.a(fsl_enet.c.obj)
 .bss.s_flexcanHandle
                0x2000011c        0xc C:\Users\lht820\.platformio\packages\framework-arduinoimxrt\tools\lib\MIMXRT1052\libfsl_bsp.a(fsl_flexcan.c.obj)
 .bss.s_flexcanIsr
                0x20000128        0x4 C:\Users\lht820\.platformio\packages\framework-arduinoimxrt\tools\lib\MIMXRT1052\libfsl_bsp.a(fsl_flexcan.c.obj)
 .bss.s_flexioHandle
                0x2000012c        0x8 C:\Users\lht820\.platformio\packages\framework-arduinoimxrt\tools\lib\MIMXRT1052\libfsl_bsp.a(fsl_flexio.c.obj)
 .bss.s_flexioIsr
                0x20000134        0x8 C:\Users\lht820\.platformio\packages\framework-arduinoimxrt\tools\lib\MIMXRT1052\libfsl_bsp.a(fsl_flexio.c.obj)
 .bss.s_flexioType
                0x2000013c        0x8 C:\Users\lht820\.platformio\packages\framework-arduinoimxrt\tools\lib\MIMXRT1052\libfsl_bsp.a(fsl_flexio.c.obj)
 .bss.s_flexspiHandle
                0x20000144        0x4 C:\Users\lht820\.platformio\packages\framework-arduinoimxrt\tools\lib\MIMXRT1052\libfsl_bsp.a(fsl_flexspi.c.obj)
 .bss.s_lpi2cMasterHandle
                0x20000148       0x14 C:\Users\lht820\.platformio\packages\framework-arduinoimxrt\tools\lib\MIMXRT1052\libfsl_bsp.a(fsl_lpi2c.c.obj)
 .bss.s_lpi2cMasterIsr
                0x2000015c        0x4 C:\Users\lht820\.platformio\packages\framework-arduinoimxrt\tools\lib\MIMXRT1052\libfsl_bsp.a(fsl_lpi2c.c.obj)
 .bss.s_lpi2cSlaveHandle
                0x20000160       0x14 C:\Users\lht820\.platformio\packages\framework-arduinoimxrt\tools\lib\MIMXRT1052\libfsl_bsp.a(fsl_lpi2c.c.obj)
 .bss.s_lpi2cSlaveIsr
                0x20000174        0x4 C:\Users\lht820\.platformio\packages\framework-arduinoimxrt\tools\lib\MIMXRT1052\libfsl_bsp.a(fsl_lpi2c.c.obj)
 .bss.s_lpspiHandle
                0x20000178       0x14 C:\Users\lht820\.platformio\packages\framework-arduinoimxrt\tools\lib\MIMXRT1052\libfsl_bsp.a(fsl_lpspi.c.obj)
 .bss.s_lpspiMasterIsr
                0x2000018c        0x4 C:\Users\lht820\.platformio\packages\framework-arduinoimxrt\tools\lib\MIMXRT1052\libfsl_bsp.a(fsl_lpspi.c.obj)
 .bss.s_lpspiSlaveIsr
                0x20000190        0x4 C:\Users\lht820\.platformio\packages\framework-arduinoimxrt\tools\lib\MIMXRT1052\libfsl_bsp.a(fsl_lpspi.c.obj)
 .bss.s_lpuartHandle
                0x20000194       0x24 C:\Users\lht820\.platformio\packages\framework-arduinoimxrt\tools\lib\MIMXRT1052\libfsl_bsp.a(fsl_lpuart.c.obj)
 .bss.s_lpuartIsr
                0x200001b8        0x4 C:\Users\lht820\.platformio\packages\framework-arduinoimxrt\tools\lib\MIMXRT1052\libfsl_bsp.a(fsl_lpuart.c.obj)
 .bss.s_saiHandle
                0x200001bc       0x20 C:\Users\lht820\.platformio\packages\framework-arduinoimxrt\tools\lib\MIMXRT1052\libfsl_bsp.a(fsl_sai.c.obj)
 .bss.s_saiRxIsr
                0x200001dc        0x4 C:\Users\lht820\.platformio\packages\framework-arduinoimxrt\tools\lib\MIMXRT1052\libfsl_bsp.a(fsl_sai.c.obj)
 .bss.s_saiTxIsr
                0x200001e0        0x4 C:\Users\lht820\.platformio\packages\framework-arduinoimxrt\tools\lib\MIMXRT1052\libfsl_bsp.a(fsl_sai.c.obj)
 .bss.s_spdifHandle
                0x200001e4        0x8 C:\Users\lht820\.platformio\packages\framework-arduinoimxrt\tools\lib\MIMXRT1052\libfsl_bsp.a(fsl_spdif.c.obj)
                0x200001e4                s_spdifHandle
 .bss.s_spdifRxIsr
                0x200001ec        0x4 C:\Users\lht820\.platformio\packages\framework-arduinoimxrt\tools\lib\MIMXRT1052\libfsl_bsp.a(fsl_spdif.c.obj)
 .bss.s_spdifTxIsr
                0x200001f0        0x4 C:\Users\lht820\.platformio\packages\framework-arduinoimxrt\tools\lib\MIMXRT1052\libfsl_bsp.a(fsl_spdif.c.obj)
 .bss.s_usdhcHandle
                0x200001f4        0xc C:\Users\lht820\.platformio\packages\framework-arduinoimxrt\tools\lib\MIMXRT1052\libfsl_bsp.a(fsl_usdhc.c.obj)
 .bss.s_usdhcIsr
                0x20000200        0x4 C:\Users\lht820\.platformio\packages\framework-arduinoimxrt\tools\lib\MIMXRT1052\libfsl_bsp.a(fsl_usdhc.c.obj)
 .bss._ulTickCount
                0x20000204        0x4 .pio\build\seeed_arch_mix\libFrameworkArduino.a(wiring.c.o)
 .bss.__malloc_free_list
                0x20000208        0x4 c:/users/lht820/.platformio/packages/toolchain-gccarmnoneeabi/bin/../lib/gcc/arm-none-eabi/7.2.1/../../../../arm-none-eabi/lib/thumb/v7e-m/fpv5/hard\libc_nano.a(lib_a-nano-mallocr.o)
                0x20000208                __malloc_free_list
 .bss.__malloc_sbrk_start
                0x2000020c        0x4 c:/users/lht820/.platformio/packages/toolchain-gccarmnoneeabi/bin/../lib/gcc/arm-none-eabi/7.2.1/../../../../arm-none-eabi/lib/thumb/v7e-m/fpv5/hard\libc_nano.a(lib_a-nano-mallocr.o)
                0x2000020c                __malloc_sbrk_start
 .bss.heap_end.5377
                0x20000210        0x4 c:/users/lht820/.platformio/packages/toolchain-gccarmnoneeabi/bin/../lib/gcc/arm-none-eabi/7.2.1/../../../../arm-none-eabi/lib/thumb/v7e-m/fpv5/hard\libnosys.a(sbrk.o)
 *(COMMON)
 COMMON         0x20000214        0x4 c:/users/lht820/.platformio/packages/toolchain-gccarmnoneeabi/bin/../lib/gcc/arm-none-eabi/7.2.1/../../../../arm-none-eabi/lib/thumb/v7e-m/fpv5/hard\libc_nano.a(lib_a-reent.o)
                0x20000214                errno
                0x20000218                . = ALIGN (0x4)
                0x20000218                __bss_end__ = .
                0x20000218                __END_BSS = .

.heap           0x20000218      0x400 load address 0x6001762c
                0x20000218                . = ALIGN (0x8)
                0x20000218                __end__ = .
                0x20000218                PROVIDE (end, .)
                0x20000218                __HeapBase = .
                0x20000618                . = (. + HEAP_SIZE)
 *fill*         0x20000218      0x400 
                0x20000618                __HeapLimit = .
                0x20000618                __heap_limit = .

.stack          0x20000618      0x400 load address 0x60017a2c
                0x20000618                . = ALIGN (0x8)
                0x20000a18                . = (. + STACK_SIZE)
 *fill*         0x20000618      0x400 
                0x20020000                __StackTop = (ORIGIN (m_data) + LENGTH (m_data))
                0x2001fc00                __StackLimit = (__StackTop - STACK_SIZE)
                0x20020000                PROVIDE (__stack, __StackTop)

.ARM.attributes
                0x00000000       0x2e
 *(.ARM.attributes)
 .ARM.attributes
                0x00000000       0x20 c:/users/lht820/.platformio/packages/toolchain-gccarmnoneeabi/bin/../lib/gcc/arm-none-eabi/7.2.1/thumb/v7e-m/fpv5/hard/crti.o
 .ARM.attributes
                0x00000020       0x32 c:/users/lht820/.platformio/packages/toolchain-gccarmnoneeabi/bin/../lib/gcc/arm-none-eabi/7.2.1/thumb/v7e-m/fpv5/hard/crtbegin.o
 .ARM.attributes
                0x00000052       0x1e c:/users/lht820/.platformio/packages/toolchain-gccarmnoneeabi/bin/../lib/gcc/arm-none-eabi/7.2.1/../../../../arm-none-eabi/lib/thumb/v7e-m/fpv5/hard/crt0.o
 .ARM.attributes
                0x00000070       0x32 C:\Users\lht820\.platformio\packages\framework-arduinoimxrt\tools\lib\MIMXRT1052\libfsl_bsp.a(fsl_adc.c.obj)
 .ARM.attributes
                0x000000a2       0x32 C:\Users\lht820\.platformio\packages\framework-arduinoimxrt\tools\lib\MIMXRT1052\libfsl_bsp.a(fsl_clock.c.obj)
 .ARM.attributes
                0x000000d4       0x32 C:\Users\lht820\.platformio\packages\framework-arduinoimxrt\tools\lib\MIMXRT1052\libfsl_bsp.a(fsl_edma.c.obj)
 .ARM.attributes
                0x00000106       0x32 C:\Users\lht820\.platformio\packages\framework-arduinoimxrt\tools\lib\MIMXRT1052\libfsl_bsp.a(fsl_enet.c.obj)
 .ARM.attributes
                0x00000138       0x32 C:\Users\lht820\.platformio\packages\framework-arduinoimxrt\tools\lib\MIMXRT1052\libfsl_bsp.a(fsl_flexcan.c.obj)
 .ARM.attributes
                0x0000016a       0x32 C:\Users\lht820\.platformio\packages\framework-arduinoimxrt\tools\lib\MIMXRT1052\libfsl_bsp.a(fsl_flexio.c.obj)
 .ARM.attributes
                0x0000019c       0x32 C:\Users\lht820\.platformio\packages\framework-arduinoimxrt\tools\lib\MIMXRT1052\libfsl_bsp.a(fsl_flexspi.c.obj)
 .ARM.attributes
                0x000001ce       0x32 C:\Users\lht820\.platformio\packages\framework-arduinoimxrt\tools\lib\MIMXRT1052\libfsl_bsp.a(fsl_gpio.c.obj)
 .ARM.attributes
                0x00000200       0x32 C:\Users\lht820\.platformio\packages\framework-arduinoimxrt\tools\lib\MIMXRT1052\libfsl_bsp.a(fsl_lpi2c.c.obj)
 .ARM.attributes
                0x00000232       0x32 C:\Users\lht820\.platformio\packages\framework-arduinoimxrt\tools\lib\MIMXRT1052\libfsl_bsp.a(fsl_lpspi.c.obj)
 .ARM.attributes
                0x00000264       0x32 C:\Users\lht820\.platformio\packages\framework-arduinoimxrt\tools\lib\MIMXRT1052\libfsl_bsp.a(fsl_lpuart.c.obj)
 .ARM.attributes
                0x00000296       0x32 C:\Users\lht820\.platformio\packages\framework-arduinoimxrt\tools\lib\MIMXRT1052\libfsl_bsp.a(fsl_sai.c.obj)
 .ARM.attributes
                0x000002c8       0x32 C:\Users\lht820\.platformio\packages\framework-arduinoimxrt\tools\lib\MIMXRT1052\libfsl_bsp.a(fsl_spdif.c.obj)
 .ARM.attributes
                0x000002fa       0x32 C:\Users\lht820\.platformio\packages\framework-arduinoimxrt\tools\lib\MIMXRT1052\libfsl_bsp.a(fsl_usdhc.c.obj)
 .ARM.attributes
                0x0000032c       0x32 C:\Users\lht820\.platformio\packages\framework-arduinoimxrt\tools\lib\MIMXRT1052\libfsl_bsp.a(system_MIMXRT1052.c.obj)
 .ARM.attributes
                0x0000035e       0x37 C:\Users\lht820\.platformio\packages\framework-arduinoimxrt\tools\lib\MIMXRT1052\libfsl_xip_drivers.a(evkbimxrt1050_flexspi_nor_config.c.obj)
 .ARM.attributes
                0x00000395       0x37 C:\Users\lht820\.platformio\packages\framework-arduinoimxrt\tools\lib\MIMXRT1052\libfsl_xip_drivers.a(evkbimxrt1050_sdram_ini_dcd.c.obj)
 .ARM.attributes
                0x000003cc       0x37 C:\Users\lht820\.platformio\packages\framework-arduinoimxrt\tools\lib\MIMXRT1052\libfsl_xip_drivers.a(fsl_flexspi_nor_boot.c.obj)
 .ARM.attributes
                0x00000403       0x37 .pio\build\seeed_arch_mix\src\Blink.cpp.o
 .ARM.attributes
                0x0000043a       0x1b .pio\build\seeed_arch_mix\libFrameworkArduinoVariant.a(startup.S.o)
 .ARM.attributes
                0x00000455       0x37 .pio\build\seeed_arch_mix\libFrameworkArduino.a(main.cpp.o)
 .ARM.attributes
                0x0000048c       0x37 .pio\build\seeed_arch_mix\libFrameworkArduino.a(wiring.c.o)
 .ARM.attributes
                0x000004c3       0x37 .pio\build\seeed_arch_mix\libFrameworkArduino.a(wiring_digital.c.o)
 .ARM.attributes
                0x000004fa       0x37 .pio\build\seeed_arch_mix\libFrameworkArduino.a(clock_config.c.o)
 .ARM.attributes
                0x00000531       0x37 .pio\build\seeed_arch_mix\libFrameworkArduino.a(hooks.c.o)
 .ARM.attributes
                0x00000568       0x37 .pio\build\seeed_arch_mix\libFrameworkArduinoVariant.a(variant.c.o)
 .ARM.attributes
                0x0000059f       0x20 c:/users/lht820/.platformio/packages/toolchain-gccarmnoneeabi/bin/../lib/gcc/arm-none-eabi/7.2.1/thumb/v7e-m/fpv5/hard\libgcc.a(_aeabi_uldivmod.o)
 .ARM.attributes
                0x000005bf       0x32 c:/users/lht820/.platformio/packages/toolchain-gccarmnoneeabi/bin/../lib/gcc/arm-none-eabi/7.2.1/thumb/v7e-m/fpv5/hard\libgcc.a(_udivmoddi4.o)
 .ARM.attributes
                0x000005f1       0x20 c:/users/lht820/.platformio/packages/toolchain-gccarmnoneeabi/bin/../lib/gcc/arm-none-eabi/7.2.1/thumb/v7e-m/fpv5/hard\libgcc.a(_dvmd_tls.o)
 .ARM.attributes
                0x00000611       0x32 c:/users/lht820/.platformio/packages/toolchain-gccarmnoneeabi/bin/../lib/gcc/arm-none-eabi/7.2.1/../../../../arm-none-eabi/lib/thumb/v7e-m/fpv5/hard\libc_nano.a(lib_a-assert.o)
 .ARM.attributes
                0x00000643       0x32 c:/users/lht820/.platformio/packages/toolchain-gccarmnoneeabi/bin/../lib/gcc/arm-none-eabi/7.2.1/../../../../arm-none-eabi/lib/thumb/v7e-m/fpv5/hard\libc_nano.a(lib_a-exit.o)
 .ARM.attributes
                0x00000675       0x32 c:/users/lht820/.platformio/packages/toolchain-gccarmnoneeabi/bin/../lib/gcc/arm-none-eabi/7.2.1/../../../../arm-none-eabi/lib/thumb/v7e-m/fpv5/hard\libc_nano.a(lib_a-fprintf.o)
 .ARM.attributes
                0x000006a7       0x32 c:/users/lht820/.platformio/packages/toolchain-gccarmnoneeabi/bin/../lib/gcc/arm-none-eabi/7.2.1/../../../../arm-none-eabi/lib/thumb/v7e-m/fpv5/hard\libc_nano.a(lib_a-impure.o)
 .ARM.attributes
                0x000006d9       0x32 c:/users/lht820/.platformio/packages/toolchain-gccarmnoneeabi/bin/../lib/gcc/arm-none-eabi/7.2.1/../../../../arm-none-eabi/lib/thumb/v7e-m/fpv5/hard\libc_nano.a(lib_a-init.o)
 .ARM.attributes
                0x0000070b       0x32 c:/users/lht820/.platformio/packages/toolchain-gccarmnoneeabi/bin/../lib/gcc/arm-none-eabi/7.2.1/../../../../arm-none-eabi/lib/thumb/v7e-m/fpv5/hard\libc_nano.a(lib_a-memset.o)
 .ARM.attributes
                0x0000073d       0x32 c:/users/lht820/.platformio/packages/toolchain-gccarmnoneeabi/bin/../lib/gcc/arm-none-eabi/7.2.1/../../../../arm-none-eabi/lib/thumb/v7e-m/fpv5/hard\libc_nano.a(lib_a-nano-freer.o)
 .ARM.attributes
                0x0000076f       0x32 c:/users/lht820/.platformio/packages/toolchain-gccarmnoneeabi/bin/../lib/gcc/arm-none-eabi/7.2.1/../../../../arm-none-eabi/lib/thumb/v7e-m/fpv5/hard\libc_nano.a(lib_a-nano-mallocr.o)
 .ARM.attributes
                0x000007a1       0x32 c:/users/lht820/.platformio/packages/toolchain-gccarmnoneeabi/bin/../lib/gcc/arm-none-eabi/7.2.1/../../../../arm-none-eabi/lib/thumb/v7e-m/fpv5/hard\libc_nano.a(lib_a-nano-vfprintf.o)
 .ARM.attributes
                0x000007d3       0x32 c:/users/lht820/.platformio/packages/toolchain-gccarmnoneeabi/bin/../lib/gcc/arm-none-eabi/7.2.1/../../../../arm-none-eabi/lib/thumb/v7e-m/fpv5/hard\libc_nano.a(lib_a-nano-vfprintf_i.o)
 .ARM.attributes
                0x00000805       0x32 c:/users/lht820/.platformio/packages/toolchain-gccarmnoneeabi/bin/../lib/gcc/arm-none-eabi/7.2.1/../../../../arm-none-eabi/lib/thumb/v7e-m/fpv5/hard\libc_nano.a(lib_a-sbrkr.o)
 .ARM.attributes
                0x00000837       0x32 c:/users/lht820/.platformio/packages/toolchain-gccarmnoneeabi/bin/../lib/gcc/arm-none-eabi/7.2.1/../../../../arm-none-eabi/lib/thumb/v7e-m/fpv5/hard\libc_nano.a(lib_a-wbuf.o)
 .ARM.attributes
                0x00000869       0x32 c:/users/lht820/.platformio/packages/toolchain-gccarmnoneeabi/bin/../lib/gcc/arm-none-eabi/7.2.1/../../../../arm-none-eabi/lib/thumb/v7e-m/fpv5/hard\libc_nano.a(lib_a-wsetup.o)
 .ARM.attributes
                0x0000089b       0x32 c:/users/lht820/.platformio/packages/toolchain-gccarmnoneeabi/bin/../lib/gcc/arm-none-eabi/7.2.1/../../../../arm-none-eabi/lib/thumb/v7e-m/fpv5/hard\libc_nano.a(lib_a-abort.o)
 .ARM.attributes
                0x000008cd       0x32 c:/users/lht820/.platformio/packages/toolchain-gccarmnoneeabi/bin/../lib/gcc/arm-none-eabi/7.2.1/../../../../arm-none-eabi/lib/thumb/v7e-m/fpv5/hard\libc_nano.a(lib_a-fflush.o)
 .ARM.attributes
                0x000008ff       0x32 c:/users/lht820/.platformio/packages/toolchain-gccarmnoneeabi/bin/../lib/gcc/arm-none-eabi/7.2.1/../../../../arm-none-eabi/lib/thumb/v7e-m/fpv5/hard\libc_nano.a(lib_a-findfp.o)
 .ARM.attributes
                0x00000931       0x32 c:/users/lht820/.platformio/packages/toolchain-gccarmnoneeabi/bin/../lib/gcc/arm-none-eabi/7.2.1/../../../../arm-none-eabi/lib/thumb/v7e-m/fpv5/hard\libc_nano.a(lib_a-fwalk.o)
 .ARM.attributes
                0x00000963       0x32 c:/users/lht820/.platformio/packages/toolchain-gccarmnoneeabi/bin/../lib/gcc/arm-none-eabi/7.2.1/../../../../arm-none-eabi/lib/thumb/v7e-m/fpv5/hard\libc_nano.a(lib_a-makebuf.o)
 .ARM.attributes
                0x00000995       0x1e c:/users/lht820/.platformio/packages/toolchain-gccarmnoneeabi/bin/../lib/gcc/arm-none-eabi/7.2.1/../../../../arm-none-eabi/lib/thumb/v7e-m/fpv5/hard\libc_nano.a(lib_a-memchr.o)
 .ARM.attributes
                0x000009b3       0x32 c:/users/lht820/.platformio/packages/toolchain-gccarmnoneeabi/bin/../lib/gcc/arm-none-eabi/7.2.1/../../../../arm-none-eabi/lib/thumb/v7e-m/fpv5/hard\libc_nano.a(lib_a-mlock.o)
 .ARM.attributes
                0x000009e5       0x32 c:/users/lht820/.platformio/packages/toolchain-gccarmnoneeabi/bin/../lib/gcc/arm-none-eabi/7.2.1/../../../../arm-none-eabi/lib/thumb/v7e-m/fpv5/hard\libc_nano.a(lib_a-reent.o)
 .ARM.attributes
                0x00000a17       0x32 c:/users/lht820/.platformio/packages/toolchain-gccarmnoneeabi/bin/../lib/gcc/arm-none-eabi/7.2.1/../../../../arm-none-eabi/lib/thumb/v7e-m/fpv5/hard\libc_nano.a(lib_a-signal.o)
 .ARM.attributes
                0x00000a49       0x32 c:/users/lht820/.platformio/packages/toolchain-gccarmnoneeabi/bin/../lib/gcc/arm-none-eabi/7.2.1/../../../../arm-none-eabi/lib/thumb/v7e-m/fpv5/hard\libc_nano.a(lib_a-signalr.o)
 .ARM.attributes
                0x00000a7b       0x32 c:/users/lht820/.platformio/packages/toolchain-gccarmnoneeabi/bin/../lib/gcc/arm-none-eabi/7.2.1/../../../../arm-none-eabi/lib/thumb/v7e-m/fpv5/hard\libc_nano.a(lib_a-stdio.o)
 .ARM.attributes
                0x00000aad       0x32 c:/users/lht820/.platformio/packages/toolchain-gccarmnoneeabi/bin/../lib/gcc/arm-none-eabi/7.2.1/../../../../arm-none-eabi/lib/thumb/v7e-m/fpv5/hard\libc_nano.a(lib_a-writer.o)
 .ARM.attributes
                0x00000adf       0x32 c:/users/lht820/.platformio/packages/toolchain-gccarmnoneeabi/bin/../lib/gcc/arm-none-eabi/7.2.1/../../../../arm-none-eabi/lib/thumb/v7e-m/fpv5/hard\libc_nano.a(lib_a-closer.o)
 .ARM.attributes
                0x00000b11       0x32 c:/users/lht820/.platformio/packages/toolchain-gccarmnoneeabi/bin/../lib/gcc/arm-none-eabi/7.2.1/../../../../arm-none-eabi/lib/thumb/v7e-m/fpv5/hard\libc_nano.a(lib_a-fstatr.o)
 .ARM.attributes
                0x00000b43       0x32 c:/users/lht820/.platformio/packages/toolchain-gccarmnoneeabi/bin/../lib/gcc/arm-none-eabi/7.2.1/../../../../arm-none-eabi/lib/thumb/v7e-m/fpv5/hard\libc_nano.a(lib_a-isattyr.o)
 .ARM.attributes
                0x00000b75       0x32 c:/users/lht820/.platformio/packages/toolchain-gccarmnoneeabi/bin/../lib/gcc/arm-none-eabi/7.2.1/../../../../arm-none-eabi/lib/thumb/v7e-m/fpv5/hard\libc_nano.a(lib_a-lseekr.o)
 .ARM.attributes
                0x00000ba7       0x32 c:/users/lht820/.platformio/packages/toolchain-gccarmnoneeabi/bin/../lib/gcc/arm-none-eabi/7.2.1/../../../../arm-none-eabi/lib/thumb/v7e-m/fpv5/hard\libc_nano.a(lib_a-readr.o)
 .ARM.attributes
                0x00000bd9       0x32 c:/users/lht820/.platformio/packages/toolchain-gccarmnoneeabi/bin/../lib/gcc/arm-none-eabi/7.2.1/../../../../arm-none-eabi/lib/thumb/v7e-m/fpv5/hard\libnosys.a(close.o)
 .ARM.attributes
                0x00000c0b       0x32 c:/users/lht820/.platformio/packages/toolchain-gccarmnoneeabi/bin/../lib/gcc/arm-none-eabi/7.2.1/../../../../arm-none-eabi/lib/thumb/v7e-m/fpv5/hard\libnosys.a(fstat.o)
 .ARM.attributes
                0x00000c3d       0x32 c:/users/lht820/.platformio/packages/toolchain-gccarmnoneeabi/bin/../lib/gcc/arm-none-eabi/7.2.1/../../../../arm-none-eabi/lib/thumb/v7e-m/fpv5/hard\libnosys.a(getpid.o)
 .ARM.attributes
                0x00000c6f       0x32 c:/users/lht820/.platformio/packages/toolchain-gccarmnoneeabi/bin/../lib/gcc/arm-none-eabi/7.2.1/../../../../arm-none-eabi/lib/thumb/v7e-m/fpv5/hard\libnosys.a(isatty.o)
 .ARM.attributes
                0x00000ca1       0x32 c:/users/lht820/.platformio/packages/toolchain-gccarmnoneeabi/bin/../lib/gcc/arm-none-eabi/7.2.1/../../../../arm-none-eabi/lib/thumb/v7e-m/fpv5/hard\libnosys.a(kill.o)
 .ARM.attributes
                0x00000cd3       0x32 c:/users/lht820/.platformio/packages/toolchain-gccarmnoneeabi/bin/../lib/gcc/arm-none-eabi/7.2.1/../../../../arm-none-eabi/lib/thumb/v7e-m/fpv5/hard\libnosys.a(lseek.o)
 .ARM.attributes
                0x00000d05       0x32 c:/users/lht820/.platformio/packages/toolchain-gccarmnoneeabi/bin/../lib/gcc/arm-none-eabi/7.2.1/../../../../arm-none-eabi/lib/thumb/v7e-m/fpv5/hard\libnosys.a(read.o)
 .ARM.attributes
                0x00000d37       0x32 c:/users/lht820/.platformio/packages/toolchain-gccarmnoneeabi/bin/../lib/gcc/arm-none-eabi/7.2.1/../../../../arm-none-eabi/lib/thumb/v7e-m/fpv5/hard\libnosys.a(sbrk.o)
 .ARM.attributes
                0x00000d69       0x32 c:/users/lht820/.platformio/packages/toolchain-gccarmnoneeabi/bin/../lib/gcc/arm-none-eabi/7.2.1/../../../../arm-none-eabi/lib/thumb/v7e-m/fpv5/hard\libnosys.a(write.o)
 .ARM.attributes
                0x00000d9b       0x32 c:/users/lht820/.platformio/packages/toolchain-gccarmnoneeabi/bin/../lib/gcc/arm-none-eabi/7.2.1/../../../../arm-none-eabi/lib/thumb/v7e-m/fpv5/hard\libnosys.a(_exit.o)
 .ARM.attributes
                0x00000dcd       0x20 c:/users/lht820/.platformio/packages/toolchain-gccarmnoneeabi/bin/../lib/gcc/arm-none-eabi/7.2.1/thumb/v7e-m/fpv5/hard/crtn.o
                0x00000001                ASSERT ((__StackLimit >= __HeapLimit), region m_data overflowed with stack and heap)
OUTPUT(.pio\build\seeed_arch_mix\firmware.elf elf32-littlearm)

.debug_info     0x00000000    0x30a0b
 .debug_info    0x00000000     0x1bfc C:\Users\lht820\.platformio\packages\framework-arduinoimxrt\tools\lib\MIMXRT1052\libfsl_bsp.a(fsl_adc.c.obj)
 .debug_info    0x00001bfc     0x2b93 C:\Users\lht820\.platformio\packages\framework-arduinoimxrt\tools\lib\MIMXRT1052\libfsl_bsp.a(fsl_clock.c.obj)
 .debug_info    0x0000478f     0x3847 C:\Users\lht820\.platformio\packages\framework-arduinoimxrt\tools\lib\MIMXRT1052\libfsl_bsp.a(fsl_edma.c.obj)
 .debug_info    0x00007fd6     0x3eea C:\Users\lht820\.platformio\packages\framework-arduinoimxrt\tools\lib\MIMXRT1052\libfsl_bsp.a(fsl_enet.c.obj)
 .debug_info    0x0000bec0     0x3f73 C:\Users\lht820\.platformio\packages\framework-arduinoimxrt\tools\lib\MIMXRT1052\libfsl_bsp.a(fsl_flexcan.c.obj)
 .debug_info    0x0000fe33     0x201a C:\Users\lht820\.platformio\packages\framework-arduinoimxrt\tools\lib\MIMXRT1052\libfsl_bsp.a(fsl_flexio.c.obj)
 .debug_info    0x00011e4d     0x2c6a C:\Users\lht820\.platformio\packages\framework-arduinoimxrt\tools\lib\MIMXRT1052\libfsl_bsp.a(fsl_flexspi.c.obj)
 .debug_info    0x00014ab7     0x1676 C:\Users\lht820\.platformio\packages\framework-arduinoimxrt\tools\lib\MIMXRT1052\libfsl_bsp.a(fsl_gpio.c.obj)
 .debug_info    0x0001612d     0x47a0 C:\Users\lht820\.platformio\packages\framework-arduinoimxrt\tools\lib\MIMXRT1052\libfsl_bsp.a(fsl_lpi2c.c.obj)
 .debug_info    0x0001a8cd     0x47cb C:\Users\lht820\.platformio\packages\framework-arduinoimxrt\tools\lib\MIMXRT1052\libfsl_bsp.a(fsl_lpspi.c.obj)
 .debug_info    0x0001f098     0x3097 C:\Users\lht820\.platformio\packages\framework-arduinoimxrt\tools\lib\MIMXRT1052\libfsl_bsp.a(fsl_lpuart.c.obj)
 .debug_info    0x0002212f     0x4959 C:\Users\lht820\.platformio\packages\framework-arduinoimxrt\tools\lib\MIMXRT1052\libfsl_bsp.a(fsl_sai.c.obj)
 .debug_info    0x00026a88     0x2fa1 C:\Users\lht820\.platformio\packages\framework-arduinoimxrt\tools\lib\MIMXRT1052\libfsl_bsp.a(fsl_spdif.c.obj)
 .debug_info    0x00029a29     0x4322 C:\Users\lht820\.platformio\packages\framework-arduinoimxrt\tools\lib\MIMXRT1052\libfsl_bsp.a(fsl_usdhc.c.obj)
 .debug_info    0x0002dd4b      0xd66 C:\Users\lht820\.platformio\packages\framework-arduinoimxrt\tools\lib\MIMXRT1052\libfsl_bsp.a(system_MIMXRT1052.c.obj)
 .debug_info    0x0002eab1     0x1089 C:\Users\lht820\.platformio\packages\framework-arduinoimxrt\tools\lib\MIMXRT1052\libfsl_xip_drivers.a(evkbimxrt1050_flexspi_nor_config.c.obj)
 .debug_info    0x0002fb3a       0x9d C:\Users\lht820\.platformio\packages\framework-arduinoimxrt\tools\lib\MIMXRT1052\libfsl_xip_drivers.a(evkbimxrt1050_sdram_ini_dcd.c.obj)
 .debug_info    0x0002fbd7      0xe34 C:\Users\lht820\.platformio\packages\framework-arduinoimxrt\tools\lib\MIMXRT1052\libfsl_xip_drivers.a(fsl_flexspi_nor_boot.c.obj)

.debug_abbrev   0x00000000     0x4e8a
 .debug_abbrev  0x00000000      0x44c C:\Users\lht820\.platformio\packages\framework-arduinoimxrt\tools\lib\MIMXRT1052\libfsl_bsp.a(fsl_adc.c.obj)
 .debug_abbrev  0x0000044c      0x555 C:\Users\lht820\.platformio\packages\framework-arduinoimxrt\tools\lib\MIMXRT1052\libfsl_bsp.a(fsl_clock.c.obj)
 .debug_abbrev  0x000009a1      0x5ad C:\Users\lht820\.platformio\packages\framework-arduinoimxrt\tools\lib\MIMXRT1052\libfsl_bsp.a(fsl_edma.c.obj)
 .debug_abbrev  0x00000f4e      0x54e C:\Users\lht820\.platformio\packages\framework-arduinoimxrt\tools\lib\MIMXRT1052\libfsl_bsp.a(fsl_enet.c.obj)
 .debug_abbrev  0x0000149c      0x526 C:\Users\lht820\.platformio\packages\framework-arduinoimxrt\tools\lib\MIMXRT1052\libfsl_bsp.a(fsl_flexcan.c.obj)
 .debug_abbrev  0x000019c2      0x461 C:\Users\lht820\.platformio\packages\framework-arduinoimxrt\tools\lib\MIMXRT1052\libfsl_bsp.a(fsl_flexio.c.obj)
 .debug_abbrev  0x00001e23      0x5e3 C:\Users\lht820\.platformio\packages\framework-arduinoimxrt\tools\lib\MIMXRT1052\libfsl_bsp.a(fsl_flexspi.c.obj)
 .debug_abbrev  0x00002406      0x3df C:\Users\lht820\.platformio\packages\framework-arduinoimxrt\tools\lib\MIMXRT1052\libfsl_bsp.a(fsl_gpio.c.obj)
 .debug_abbrev  0x000027e5      0x5c1 C:\Users\lht820\.platformio\packages\framework-arduinoimxrt\tools\lib\MIMXRT1052\libfsl_bsp.a(fsl_lpi2c.c.obj)
 .debug_abbrev  0x00002da6      0x599 C:\Users\lht820\.platformio\packages\framework-arduinoimxrt\tools\lib\MIMXRT1052\libfsl_bsp.a(fsl_lpspi.c.obj)
 .debug_abbrev  0x0000333f      0x4f4 C:\Users\lht820\.platformio\packages\framework-arduinoimxrt\tools\lib\MIMXRT1052\libfsl_bsp.a(fsl_lpuart.c.obj)
 .debug_abbrev  0x00003833      0x508 C:\Users\lht820\.platformio\packages\framework-arduinoimxrt\tools\lib\MIMXRT1052\libfsl_bsp.a(fsl_sai.c.obj)
 .debug_abbrev  0x00003d3b      0x5b0 C:\Users\lht820\.platformio\packages\framework-arduinoimxrt\tools\lib\MIMXRT1052\libfsl_bsp.a(fsl_spdif.c.obj)
 .debug_abbrev  0x000042eb      0x55f C:\Users\lht820\.platformio\packages\framework-arduinoimxrt\tools\lib\MIMXRT1052\libfsl_bsp.a(fsl_usdhc.c.obj)
 .debug_abbrev  0x0000484a      0x1d5 C:\Users\lht820\.platformio\packages\framework-arduinoimxrt\tools\lib\MIMXRT1052\libfsl_bsp.a(system_MIMXRT1052.c.obj)
 .debug_abbrev  0x00004a1f      0x1fc C:\Users\lht820\.platformio\packages\framework-arduinoimxrt\tools\lib\MIMXRT1052\libfsl_xip_drivers.a(evkbimxrt1050_flexspi_nor_config.c.obj)
 .debug_abbrev  0x00004c1b       0x61 C:\Users\lht820\.platformio\packages\framework-arduinoimxrt\tools\lib\MIMXRT1052\libfsl_xip_drivers.a(evkbimxrt1050_sdram_ini_dcd.c.obj)
 .debug_abbrev  0x00004c7c      0x20e C:\Users\lht820\.platformio\packages\framework-arduinoimxrt\tools\lib\MIMXRT1052\libfsl_xip_drivers.a(fsl_flexspi_nor_boot.c.obj)

.debug_loc      0x00000000    0x15249
 .debug_loc     0x00000000      0x5ce C:\Users\lht820\.platformio\packages\framework-arduinoimxrt\tools\lib\MIMXRT1052\libfsl_bsp.a(fsl_adc.c.obj)
 .debug_loc     0x000005ce      0xc97 C:\Users\lht820\.platformio\packages\framework-arduinoimxrt\tools\lib\MIMXRT1052\libfsl_bsp.a(fsl_clock.c.obj)
 .debug_loc     0x00001265     0x12dc C:\Users\lht820\.platformio\packages\framework-arduinoimxrt\tools\lib\MIMXRT1052\libfsl_bsp.a(fsl_edma.c.obj)
 .debug_loc     0x00002541     0x1add C:\Users\lht820\.platformio\packages\framework-arduinoimxrt\tools\lib\MIMXRT1052\libfsl_bsp.a(fsl_enet.c.obj)
 .debug_loc     0x0000401e     0x1f64 C:\Users\lht820\.platformio\packages\framework-arduinoimxrt\tools\lib\MIMXRT1052\libfsl_bsp.a(fsl_flexcan.c.obj)
 .debug_loc     0x00005f82      0x64c C:\Users\lht820\.platformio\packages\framework-arduinoimxrt\tools\lib\MIMXRT1052\libfsl_bsp.a(fsl_flexio.c.obj)
 .debug_loc     0x000065ce     0x1277 C:\Users\lht820\.platformio\packages\framework-arduinoimxrt\tools\lib\MIMXRT1052\libfsl_bsp.a(fsl_flexspi.c.obj)
 .debug_loc     0x00007845      0x5f2 C:\Users\lht820\.platformio\packages\framework-arduinoimxrt\tools\lib\MIMXRT1052\libfsl_bsp.a(fsl_gpio.c.obj)
 .debug_loc     0x00007e37     0x28cd C:\Users\lht820\.platformio\packages\framework-arduinoimxrt\tools\lib\MIMXRT1052\libfsl_bsp.a(fsl_lpi2c.c.obj)
 .debug_loc     0x0000a704     0x2b0c C:\Users\lht820\.platformio\packages\framework-arduinoimxrt\tools\lib\MIMXRT1052\libfsl_bsp.a(fsl_lpspi.c.obj)
 .debug_loc     0x0000d210     0x1402 C:\Users\lht820\.platformio\packages\framework-arduinoimxrt\tools\lib\MIMXRT1052\libfsl_bsp.a(fsl_lpuart.c.obj)
 .debug_loc     0x0000e612     0x2bb5 C:\Users\lht820\.platformio\packages\framework-arduinoimxrt\tools\lib\MIMXRT1052\libfsl_bsp.a(fsl_sai.c.obj)
 .debug_loc     0x000111c7     0x176d C:\Users\lht820\.platformio\packages\framework-arduinoimxrt\tools\lib\MIMXRT1052\libfsl_bsp.a(fsl_spdif.c.obj)
 .debug_loc     0x00012934     0x2818 C:\Users\lht820\.platformio\packages\framework-arduinoimxrt\tools\lib\MIMXRT1052\libfsl_bsp.a(fsl_usdhc.c.obj)
 .debug_loc     0x0001514c       0xfd C:\Users\lht820\.platformio\packages\framework-arduinoimxrt\tools\lib\MIMXRT1052\libfsl_bsp.a(system_MIMXRT1052.c.obj)

.debug_aranges  0x00000000      0xee8
 .debug_aranges
                0x00000000       0x68 C:\Users\lht820\.platformio\packages\framework-arduinoimxrt\tools\lib\MIMXRT1052\libfsl_bsp.a(fsl_adc.c.obj)
 .debug_aranges
                0x00000068      0x158 C:\Users\lht820\.platformio\packages\framework-arduinoimxrt\tools\lib\MIMXRT1052\libfsl_bsp.a(fsl_clock.c.obj)
 .debug_aranges
                0x000001c0      0x198 C:\Users\lht820\.platformio\packages\framework-arduinoimxrt\tools\lib\MIMXRT1052\libfsl_bsp.a(fsl_edma.c.obj)
 .debug_aranges
                0x00000358      0x100 C:\Users\lht820\.platformio\packages\framework-arduinoimxrt\tools\lib\MIMXRT1052\libfsl_bsp.a(fsl_enet.c.obj)
 .debug_aranges
                0x00000458      0x120 C:\Users\lht820\.platformio\packages\framework-arduinoimxrt\tools\lib\MIMXRT1052\libfsl_bsp.a(fsl_flexcan.c.obj)
 .debug_aranges
                0x00000578       0x80 C:\Users\lht820\.platformio\packages\framework-arduinoimxrt\tools\lib\MIMXRT1052\libfsl_bsp.a(fsl_flexio.c.obj)
 .debug_aranges
                0x000005f8       0xb0 C:\Users\lht820\.platformio\packages\framework-arduinoimxrt\tools\lib\MIMXRT1052\libfsl_bsp.a(fsl_flexspi.c.obj)
 .debug_aranges
                0x000006a8       0x30 C:\Users\lht820\.platformio\packages\framework-arduinoimxrt\tools\lib\MIMXRT1052\libfsl_bsp.a(fsl_gpio.c.obj)
 .debug_aranges
                0x000006d8      0x140 C:\Users\lht820\.platformio\packages\framework-arduinoimxrt\tools\lib\MIMXRT1052\libfsl_bsp.a(fsl_lpi2c.c.obj)
 .debug_aranges
                0x00000818      0x138 C:\Users\lht820\.platformio\packages\framework-arduinoimxrt\tools\lib\MIMXRT1052\libfsl_bsp.a(fsl_lpspi.c.obj)
 .debug_aranges
                0x00000950      0x128 C:\Users\lht820\.platformio\packages\framework-arduinoimxrt\tools\lib\MIMXRT1052\libfsl_bsp.a(fsl_lpuart.c.obj)
 .debug_aranges